(Worker_TP0 pid=643) INFO 08-01 16:20:14 [sparse_attn_indexer.py:106] DSv4 indexer rank trace [1/16]: row=1043 candidates=2088 k=512 needle_pos=4843 | r4:col=1210 score=0.7246 rank=527/2088 pct=25.2% selected=False  r128:col=37 score=0.7613 rank=486/2088 pct=23.3% selected=True
(Worker_TP0 pid=643) INFO 08-01 16:20:14 [sparse_attn_indexer.py:106] DSv4 indexer rank trace [2/16]: row=1043 candidates=2088 k=512 needle_pos=4843 | r4:col=1210 score=-0.3292 rank=262/2088 pct=12.5% selected=True  r128:col=37 score=-0.5972 rank=653/2088 pct=31.3% selected=False
(Worker_TP0 pid=643) INFO 08-01 16:20:14 [sparse_attn_indexer.py:106] DSv4 indexer rank trace [3/16]: row=1043 candidates=2088 k=512 needle_pos=4843 | r4:col=1210 score=0.2065 rank=108/2088 pct=5.2% selected=True  r128:col=37 score=-0.3798 rank=511/2088 pct=24.5% selected=True
(Worker_TP0 pid=643) INFO 08-01 16:20:15 [sparse_attn_indexer.py:106] DSv4 indexer rank trace [4/16]: row=1043 candidates=2088 k=512 needle_pos=4843 | r4:col=1210 score=0.9249 rank=45/2088 pct=2.2% selected=True  r128:col=37 score=-0.2803 rank=838/2088 pct=40.1% selected=False
(Worker_TP0 pid=643) INFO 08-01 16:20:15 [sparse_attn_indexer.py:106] DSv4 indexer rank trace [5/16]: row=1043 candidates=2088 k=512 needle_pos=4843 | r4:col=1210 score=1.3472 rank=95/2088 pct=4.5% selected=True  r128:col=37 score=0.0592 rank=932/2088 pct=44.6% selected=False
(Worker_TP0 pid=643) INFO 08-01 16:20:16 [sparse_attn_indexer.py:106] DSv4 indexer rank trace [6/16]: row=1043 candidates=2088 k=512 needle_pos=4843 | r4:col=1210 score=0.8570 rank=378/2088 pct=18.1% selected=True  r128:col=37 score=-0.2460 rank=1323/2088 pct=63.4% selected=False
(Worker_TP0 pid=643) INFO 08-01 16:20:17 [sparse_attn_indexer.py:106] DSv4 indexer rank trace [7/16]: row=1043 candidates=2088 k=512 needle_pos=4843 | r4:col=1210 score=1.6156 rank=445/2088 pct=21.3% selected=True  r128:col=37 score=-0.5086 rank=1673/2088 pct=80.1% selected=False
(Worker_TP0 pid=643) INFO 08-01 16:20:17 [sparse_attn_indexer.py:106] DSv4 indexer rank trace [8/16]: row=1043 candidates=2088 k=512 needle_pos=4843 | r4:col=1210 score=1.4886 rank=482/2088 pct=23.1% selected=True  r128:col=37 score=-0.6881 rank=1592/2088 pct=76.2% selected=False
(Worker_TP0 pid=643) INFO 08-01 16:20:20 [sparse_attn_indexer.py:106] DSv4 indexer rank trace [9/16]: row=1043 candidates=2088 k=512 needle_pos=4843 | r4:col=1210 score=0.8153 rank=112/2088 pct=5.4% selected=True  r128:col=37 score=-0.5702 rank=1186/2088 pct=56.8% selected=False
(Worker_TP0 pid=643) INFO 08-01 16:20:21 [sparse_attn_indexer.py:106] DSv4 indexer rank trace [10/16]: row=1043 candidates=2088 k=512 needle_pos=4843 | r4:col=1210 score=1.0963 rank=592/2088 pct=28.4% selected=False  r128:col=37 score=-1.0495 rank=1789/2088 pct=85.7% selected=False
(Worker_TP0 pid=643) INFO 08-01 16:20:22 [sparse_attn_indexer.py:106] DSv4 indexer rank trace [11/16]: row=1043 candidates=2088 k=512 needle_pos=4843 | r4:col=1210 score=0.8953 rank=523/2088 pct=25.0% selected=False  r128:col=37 score=0.0345 rank=1241/2088 pct=59.4% selected=False
(Worker_TP0 pid=643) INFO 08-01 16:20:22 [sparse_attn_indexer.py:106] DSv4 indexer rank trace [12/16]: row=1043 candidates=2088 k=512 needle_pos=4843 | r4:col=1210 score=-0.4803 rank=1003/2088 pct=48.0% selected=False  r128:col=37 score=-1.3679 rank=1768/2088 pct=84.7% selected=False
(Worker_TP0 pid=643) INFO 08-01 16:20:23 [sparse_attn_indexer.py:106] DSv4 indexer rank trace [13/16]: row=1043 candidates=2088 k=512 needle_pos=4843 | r4:col=1210 score=0.1028 rank=693/2088 pct=33.2% selected=False  r128:col=37 score=-1.4323 rank=1885/2088 pct=90.3% selected=False
(Worker_TP0 pid=643) INFO 08-01 16:20:23 [sparse_attn_indexer.py:106] DSv4 indexer rank trace [14/16]: row=1043 candidates=2088 k=512 needle_pos=4843 | r4:col=1210 score=-0.4343 rank=184/2088 pct=8.8% selected=True  r128:col=37 score=-0.3480 rank=158/2088 pct=7.6% selected=True
(Worker_TP0 pid=643) INFO 08-01 16:20:24 [sparse_attn_indexer.py:106] DSv4 indexer rank trace [15/16]: row=1043 candidates=2088 k=512 needle_pos=4843 | r4:col=1210 score=1.1268 rank=125/2088 pct=6.0% selected=True  r128:col=37 score=0.0794 rank=678/2088 pct=32.5% selected=False
(Worker_TP0 pid=643) INFO 08-01 16:20:24 [sparse_attn_indexer.py:106] DSv4 indexer rank trace [16/16]: row=1043 candidates=2088 k=512 needle_pos=4843 | r4:col=1210 score=0.2854 rank=492/2088 pct=23.6% selected=True  r128:col=37 score=-0.7273 rank=1358/2088 pct=65.0% selected=False
(Worker_TP1 pid=644) INFO 08-01 16:20:14 [sparse_attn_indexer.py:106] DSv4 indexer rank trace [1/16]: row=1043 candidates=2088 k=512 needle_pos=4843 | r4:col=1210 score=0.7246 rank=527/2088 pct=25.2% selected=False  r128:col=37 score=0.7613 rank=486/2088 pct=23.3% selected=True
(Worker_TP1 pid=644) INFO 08-01 16:20:14 [sparse_attn_indexer.py:106] DSv4 indexer rank trace [2/16]: row=1043 candidates=2088 k=512 needle_pos=4843 | r4:col=1210 score=-0.3292 rank=262/2088 pct=12.5% selected=True  r128:col=37 score=-0.5972 rank=653/2088 pct=31.3% selected=False
(Worker_TP1 pid=644) INFO 08-01 16:20:14 [sparse_attn_indexer.py:106] DSv4 indexer rank trace [3/16]: row=1043 candidates=2088 k=512 needle_pos=4843 | r4:col=1210 score=0.2065 rank=108/2088 pct=5.2% selected=True  r128:col=37 score=-0.3798 rank=511/2088 pct=24.5% selected=True
(Worker_TP1 pid=644) INFO 08-01 16:20:15 [sparse_attn_indexer.py:106] DSv4 indexer rank trace [4/16]: row=1043 candidates=2088 k=512 needle_pos=4843 | r4:col=1210 score=0.9249 rank=45/2088 pct=2.2% selected=True  r128:col=37 score=-0.2803 rank=838/2088 pct=40.1% selected=False
(Worker_TP1 pid=644) INFO 08-01 16:20:15 [sparse_attn_indexer.py:106] DSv4 indexer rank trace [5/16]: row=1043 candidates=2088 k=512 needle_pos=4843 | r4:col=1210 score=1.3472 rank=95/2088 pct=4.5% selected=True  r128:col=37 score=0.0592 rank=932/2088 pct=44.6% selected=False
(Worker_TP1 pid=644) INFO 08-01 16:20:16 [sparse_attn_indexer.py:106] DSv4 indexer rank trace [6/16]: row=1043 candidates=2088 k=512 needle_pos=4843 | r4:col=1210 score=0.8570 rank=378/2088 pct=18.1% selected=True  r128:col=37 score=-0.2460 rank=1323/2088 pct=63.4% selected=False
(Worker_TP1 pid=644) INFO 08-01 16:20:17 [sparse_attn_indexer.py:106] DSv4 indexer rank trace [7/16]: row=1043 candidates=2088 k=512 needle_pos=4843 | r4:col=1210 score=1.6156 rank=445/2088 pct=21.3% selected=True  r128:col=37 score=-0.5086 rank=1673/2088 pct=80.1% selected=False
(Worker_TP1 pid=644) INFO 08-01 16:20:17 [sparse_attn_indexer.py:106] DSv4 indexer rank trace [8/16]: row=1043 candidates=2088 k=512 needle_pos=4843 | r4:col=1210 score=1.4886 rank=482/2088 pct=23.1% selected=True  r128:col=37 score=-0.6881 rank=1592/2088 pct=76.2% selected=False
(Worker_TP1 pid=644) INFO 08-01 16:20:20 [sparse_attn_indexer.py:106] DSv4 indexer rank trace [9/16]: row=1043 candidates=2088 k=512 needle_pos=4843 | r4:col=1210 score=0.8153 rank=112/2088 pct=5.4% selected=True  r128:col=37 score=-0.5702 rank=1186/2088 pct=56.8% selected=False
(Worker_TP1 pid=644) INFO 08-01 16:20:21 [sparse_attn_indexer.py:106] DSv4 indexer rank trace [10/16]: row=1043 candidates=2088 k=512 needle_pos=4843 | r4:col=1210 score=1.0963 rank=592/2088 pct=28.4% selected=False  r128:col=37 score=-1.0495 rank=1789/2088 pct=85.7% selected=False
(Worker_TP1 pid=644) INFO 08-01 16:20:22 [sparse_attn_indexer.py:106] DSv4 indexer rank trace [11/16]: row=1043 candidates=2088 k=512 needle_pos=4843 | r4:col=1210 score=0.8953 rank=523/2088 pct=25.0% selected=False  r128:col=37 score=0.0345 rank=1241/2088 pct=59.4% selected=False
(Worker_TP1 pid=644) INFO 08-01 16:20:22 [sparse_attn_indexer.py:106] DSv4 indexer rank trace [12/16]: row=1043 candidates=2088 k=512 needle_pos=4843 | r4:col=1210 score=-0.4803 rank=1003/2088 pct=48.0% selected=False  r128:col=37 score=-1.3679 rank=1768/2088 pct=84.7% selected=False
(Worker_TP1 pid=644) INFO 08-01 16:20:23 [sparse_attn_indexer.py:106] DSv4 indexer rank trace [13/16]: row=1043 candidates=2088 k=512 needle_pos=4843 | r4:col=1210 score=0.1028 rank=693/2088 pct=33.2% selected=False  r128:col=37 score=-1.4323 rank=1885/2088 pct=90.3% selected=False
(Worker_TP1 pid=644) INFO 08-01 16:20:23 [sparse_attn_indexer.py:106] DSv4 indexer rank trace [14/16]: row=1043 candidates=2088 k=512 needle_pos=4843 | r4:col=1210 score=-0.4343 rank=184/2088 pct=8.8% selected=True  r128:col=37 score=-0.3480 rank=158/2088 pct=7.6% selected=True
(Worker_TP1 pid=644) INFO 08-01 16:20:24 [sparse_attn_indexer.py:106] DSv4 indexer rank trace [15/16]: row=1043 candidates=2088 k=512 needle_pos=4843 | r4:col=1210 score=1.1268 rank=125/2088 pct=6.0% selected=True  r128:col=37 score=0.0794 rank=678/2088 pct=32.5% selected=False
(Worker_TP1 pid=644) INFO 08-01 16:20:24 [sparse_attn_indexer.py:106] DSv4 indexer rank trace [16/16]: row=1043 candidates=2088 k=512 needle_pos=4843 | r4:col=1210 score=0.2854 rank=492/2088 pct=23.6% selected=True  r128:col=37 score=-0.7273 rank=1358/2088 pct=65.0% selected=False
