(Worker_TP1 pid=650) INFO 08-01 19:15:34 [sparse_attn_indexer.py:106] DSv4 indexer rank trace [64/128]: row=1043 candidates=2088 k=512 needle_pos=3871 | r4:col=967 score=0.0028 rank=1546/2088 pct=74.0% selected=False  r128:col=30 score=1.1079 rank=209/2088 pct=10.0% selected=True
(Worker_TP0 pid=649) INFO 08-01 19:15:34 [sparse_attn_indexer.py:106] DSv4 indexer rank trace [64/128]: row=1043 candidates=2088 k=512 needle_pos=3871 | r4:col=967 score=0.0028 rank=1546/2088 pct=74.0% selected=False  r128:col=30 score=1.1079 rank=209/2088 pct=10.0% selected=True
(Worker_TP1 pid=650) INFO 08-01 19:15:35 [sparse_attn_indexer.py:106] DSv4 indexer rank trace [65/128]: row=1043 candidates=2088 k=512 needle_pos=3871 | r4:col=967 score=-0.5140 rank=496/2088 pct=23.8% selected=True  r128:col=30 score=-0.8483 rank=1138/2088 pct=54.5% selected=False
(Worker_TP0 pid=649) INFO 08-01 19:15:35 [sparse_attn_indexer.py:106] DSv4 indexer rank trace [65/128]: row=1043 candidates=2088 k=512 needle_pos=3871 | r4:col=967 score=-0.5140 rank=496/2088 pct=23.8% selected=True  r128:col=30 score=-0.8483 rank=1138/2088 pct=54.5% selected=False
(Worker_TP0 pid=649) INFO 08-01 19:15:35 [sparse_attn_indexer.py:106] DSv4 indexer rank trace [66/128]: row=1043 candidates=2088 k=512 needle_pos=3871 | r4:col=967 score=-0.3933 rank=502/2088 pct=24.0% selected=True  r128:col=30 score=-0.6455 rank=847/2088 pct=40.6% selected=False
(Worker_TP1 pid=650) INFO 08-01 19:15:35 [sparse_attn_indexer.py:106] DSv4 indexer rank trace [66/128]: row=1043 candidates=2088 k=512 needle_pos=3871 | r4:col=967 score=-0.3933 rank=502/2088 pct=24.0% selected=True  r128:col=30 score=-0.6455 rank=847/2088 pct=40.6% selected=False
(Worker_TP1 pid=650) INFO 08-01 19:15:35 [sparse_attn_indexer.py:106] DSv4 indexer rank trace [67/128]: row=1043 candidates=2088 k=512 needle_pos=3871 | r4:col=967 score=-0.8966 rank=1690/2088 pct=80.9% selected=False  r128:col=30 score=-0.4377 rank=1046/2088 pct=50.1% selected=False
(Worker_TP0 pid=649) INFO 08-01 19:15:35 [sparse_attn_indexer.py:106] DSv4 indexer rank trace [67/128]: row=1043 candidates=2088 k=512 needle_pos=3871 | r4:col=967 score=-0.8966 rank=1690/2088 pct=80.9% selected=False  r128:col=30 score=-0.4377 rank=1046/2088 pct=50.1% selected=False
(Worker_TP0 pid=649) INFO 08-01 19:15:36 [sparse_attn_indexer.py:106] DSv4 indexer rank trace [68/128]: row=1043 candidates=2088 k=512 needle_pos=3871 | r4:col=967 score=-0.6848 rank=1727/2088 pct=82.7% selected=False  r128:col=30 score=-0.2336 rank=1292/2088 pct=61.9% selected=False
(Worker_TP1 pid=650) INFO 08-01 19:15:36 [sparse_attn_indexer.py:106] DSv4 indexer rank trace [68/128]: row=1043 candidates=2088 k=512 needle_pos=3871 | r4:col=967 score=-0.6848 rank=1727/2088 pct=82.7% selected=False  r128:col=30 score=-0.2336 rank=1292/2088 pct=61.9% selected=False
(Worker_TP0 pid=649) INFO 08-01 19:15:36 [sparse_attn_indexer.py:106] DSv4 indexer rank trace [69/128]: row=1043 candidates=2088 k=512 needle_pos=3871 | r4:col=967 score=-0.5648 rank=1609/2088 pct=77.1% selected=False  r128:col=30 score=-0.1183 rank=1206/2088 pct=57.8% selected=False
(Worker_TP1 pid=650) INFO 08-01 19:15:36 [sparse_attn_indexer.py:106] DSv4 indexer rank trace [69/128]: row=1043 candidates=2088 k=512 needle_pos=3871 | r4:col=967 score=-0.5648 rank=1609/2088 pct=77.1% selected=False  r128:col=30 score=-0.1183 rank=1206/2088 pct=57.8% selected=False
(Worker_TP1 pid=650) INFO 08-01 19:15:37 [sparse_attn_indexer.py:106] DSv4 indexer rank trace [70/128]: row=1043 candidates=2088 k=512 needle_pos=3871 | r4:col=967 score=-1.0865 rank=1926/2088 pct=92.2% selected=False  r128:col=30 score=-0.8172 rank=1806/2088 pct=86.5% selected=False
(Worker_TP0 pid=649) INFO 08-01 19:15:37 [sparse_attn_indexer.py:106] DSv4 indexer rank trace [70/128]: row=1043 candidates=2088 k=512 needle_pos=3871 | r4:col=967 score=-1.0865 rank=1926/2088 pct=92.2% selected=False  r128:col=30 score=-0.8172 rank=1806/2088 pct=86.5% selected=False
(Worker_TP1 pid=650) INFO 08-01 19:15:37 [sparse_attn_indexer.py:106] DSv4 indexer rank trace [71/128]: row=1043 candidates=2088 k=512 needle_pos=3871 | r4:col=967 score=-1.1662 rank=1847/2088 pct=88.5% selected=False  r128:col=30 score=-0.1807 rank=1343/2088 pct=64.3% selected=False
(Worker_TP0 pid=649) INFO 08-01 19:15:37 [sparse_attn_indexer.py:106] DSv4 indexer rank trace [71/128]: row=1043 candidates=2088 k=512 needle_pos=3871 | r4:col=967 score=-1.1662 rank=1847/2088 pct=88.5% selected=False  r128:col=30 score=-0.1807 rank=1343/2088 pct=64.3% selected=False
(Worker_TP0 pid=649) INFO 08-01 19:15:38 [sparse_attn_indexer.py:106] DSv4 indexer rank trace [72/128]: row=1043 candidates=2088 k=512 needle_pos=3871 | r4:col=967 score=-1.2435 rank=1953/2088 pct=93.5% selected=False  r128:col=30 score=-0.4058 rank=954/2088 pct=45.7% selected=False
(Worker_TP1 pid=650) INFO 08-01 19:15:38 [sparse_attn_indexer.py:106] DSv4 indexer rank trace [72/128]: row=1043 candidates=2088 k=512 needle_pos=3871 | r4:col=967 score=-1.2435 rank=1953/2088 pct=93.5% selected=False  r128:col=30 score=-0.4058 rank=954/2088 pct=45.7% selected=False
(Worker_TP0 pid=649) INFO 08-01 19:15:39 [sparse_attn_indexer.py:106] DSv4 indexer rank trace [73/128]: row=1043 candidates=2088 k=512 needle_pos=3871 | r4:col=967 score=-1.3366 rank=1925/2088 pct=92.2% selected=False  r128:col=30 score=-0.7630 rank=1661/2088 pct=79.5% selected=False
(Worker_TP1 pid=650) INFO 08-01 19:15:39 [sparse_attn_indexer.py:106] DSv4 indexer rank trace [73/128]: row=1043 candidates=2088 k=512 needle_pos=3871 | r4:col=967 score=-1.3366 rank=1925/2088 pct=92.2% selected=False  r128:col=30 score=-0.7630 rank=1661/2088 pct=79.5% selected=False
(Worker_TP0 pid=649) INFO 08-01 19:15:39 [sparse_attn_indexer.py:106] DSv4 indexer rank trace [74/128]: row=1043 candidates=2088 k=512 needle_pos=3871 | r4:col=967 score=-1.1233 rank=1983/2088 pct=95.0% selected=False  r128:col=30 score=0.5347 rank=837/2088 pct=40.1% selected=False
(Worker_TP1 pid=650) INFO 08-01 19:15:39 [sparse_attn_indexer.py:106] DSv4 indexer rank trace [74/128]: row=1043 candidates=2088 k=512 needle_pos=3871 | r4:col=967 score=-1.1233 rank=1983/2088 pct=95.0% selected=False  r128:col=30 score=0.5347 rank=837/2088 pct=40.1% selected=False
(Worker_TP0 pid=649) INFO 08-01 19:15:40 [sparse_attn_indexer.py:106] DSv4 indexer rank trace [75/128]: row=1043 candidates=2088 k=512 needle_pos=3871 | r4:col=967 score=-1.4146 rank=1849/2088 pct=88.6% selected=False  r128:col=30 score=-0.6343 rank=1189/2088 pct=56.9% selected=False
(Worker_TP1 pid=650) INFO 08-01 19:15:40 [sparse_attn_indexer.py:106] DSv4 indexer rank trace [75/128]: row=1043 candidates=2088 k=512 needle_pos=3871 | r4:col=967 score=-1.4146 rank=1849/2088 pct=88.6% selected=False  r128:col=30 score=-0.6343 rank=1189/2088 pct=56.9% selected=False
(Worker_TP0 pid=649) INFO 08-01 19:15:40 [sparse_attn_indexer.py:106] DSv4 indexer rank trace [76/128]: row=1043 candidates=2088 k=512 needle_pos=3871 | r4:col=967 score=-1.2904 rank=1832/2088 pct=87.7% selected=False  r128:col=30 score=-1.1055 rank=1716/2088 pct=82.2% selected=False
(Worker_TP1 pid=650) INFO 08-01 19:15:40 [sparse_attn_indexer.py:106] DSv4 indexer rank trace [76/128]: row=1043 candidates=2088 k=512 needle_pos=3871 | r4:col=967 score=-1.2904 rank=1832/2088 pct=87.7% selected=False  r128:col=30 score=-1.1055 rank=1716/2088 pct=82.2% selected=False
(Worker_TP0 pid=649) INFO 08-01 19:15:41 [sparse_attn_indexer.py:106] DSv4 indexer rank trace [77/128]: row=1043 candidates=2088 k=512 needle_pos=3871 | r4:col=967 score=-0.4895 rank=199/2088 pct=9.5% selected=True  r128:col=30 score=-1.3593 rank=1120/2088 pct=53.6% selected=False
(Worker_TP1 pid=650) INFO 08-01 19:15:41 [sparse_attn_indexer.py:106] DSv4 indexer rank trace [77/128]: row=1043 candidates=2088 k=512 needle_pos=3871 | r4:col=967 score=-0.4895 rank=199/2088 pct=9.5% selected=True  r128:col=30 score=-1.3593 rank=1120/2088 pct=53.6% selected=False
(Worker_TP0 pid=649) INFO 08-01 19:15:42 [sparse_attn_indexer.py:106] DSv4 indexer rank trace [78/128]: row=1043 candidates=2088 k=512 needle_pos=3871 | r4:col=967 score=-0.6751 rank=1221/2088 pct=58.5% selected=False  r128:col=30 score=-0.6049 rank=1167/2088 pct=55.9% selected=False
(Worker_TP1 pid=650) INFO 08-01 19:15:42 [sparse_attn_indexer.py:106] DSv4 indexer rank trace [78/128]: row=1043 candidates=2088 k=512 needle_pos=3871 | r4:col=967 score=-0.6751 rank=1221/2088 pct=58.5% selected=False  r128:col=30 score=-0.6049 rank=1167/2088 pct=55.9% selected=False
(Worker_TP0 pid=649) INFO 08-01 19:15:42 [sparse_attn_indexer.py:106] DSv4 indexer rank trace [79/128]: row=1043 candidates=2088 k=512 needle_pos=3871 | r4:col=967 score=-1.5295 rank=2019/2088 pct=96.7% selected=False  r128:col=30 score=-0.3638 rank=1090/2088 pct=52.2% selected=False
(Worker_TP1 pid=650) INFO 08-01 19:15:42 [sparse_attn_indexer.py:106] DSv4 indexer rank trace [79/128]: row=1043 candidates=2088 k=512 needle_pos=3871 | r4:col=967 score=-1.5295 rank=2019/2088 pct=96.7% selected=False  r128:col=30 score=-0.3638 rank=1090/2088 pct=52.2% selected=False
(Worker_TP0 pid=649) INFO 08-01 19:15:43 [sparse_attn_indexer.py:106] DSv4 indexer rank trace [80/128]: row=1043 candidates=2088 k=512 needle_pos=3871 | r4:col=967 score=-0.9358 rank=1466/2088 pct=70.2% selected=False  r128:col=30 score=0.3807 rank=423/2088 pct=20.3% selected=True
(Worker_TP1 pid=650) INFO 08-01 19:15:43 [sparse_attn_indexer.py:106] DSv4 indexer rank trace [80/128]: row=1043 candidates=2088 k=512 needle_pos=3871 | r4:col=967 score=-0.9358 rank=1466/2088 pct=70.2% selected=False  r128:col=30 score=0.3807 rank=423/2088 pct=20.3% selected=True
(Worker_TP1 pid=650) INFO 08-01 19:15:43 [sparse_attn_indexer.py:106] DSv4 indexer rank trace [81/128]: row=1043 candidates=2088 k=512 needle_pos=3871 | r4:col=967 score=-1.6884 rank=1168/2088 pct=55.9% selected=False  r128:col=30 score=-1.0220 rank=373/2088 pct=17.9% selected=True
(Worker_TP0 pid=649) INFO 08-01 19:15:43 [sparse_attn_indexer.py:106] DSv4 indexer rank trace [81/128]: row=1043 candidates=2088 k=512 needle_pos=3871 | r4:col=967 score=-1.6884 rank=1168/2088 pct=55.9% selected=False  r128:col=30 score=-1.0220 rank=373/2088 pct=17.9% selected=True
(Worker_TP0 pid=649) INFO 08-01 19:15:44 [sparse_attn_indexer.py:106] DSv4 indexer rank trace [82/128]: row=1043 candidates=2088 k=512 needle_pos=3871 | r4:col=967 score=-1.6016 rank=1926/2088 pct=92.2% selected=False  r128:col=30 score=0.2156 rank=603/2088 pct=28.9% selected=False
(Worker_TP1 pid=650) INFO 08-01 19:15:44 [sparse_attn_indexer.py:106] DSv4 indexer rank trace [82/128]: row=1043 candidates=2088 k=512 needle_pos=3871 | r4:col=967 score=-1.6016 rank=1926/2088 pct=92.2% selected=False  r128:col=30 score=0.2156 rank=603/2088 pct=28.9% selected=False
(Worker_TP0 pid=649) INFO 08-01 19:15:44 [sparse_attn_indexer.py:106] DSv4 indexer rank trace [83/128]: row=1043 candidates=2088 k=512 needle_pos=3871 | r4:col=967 score=-1.2332 rank=1828/2088 pct=87.5% selected=False  r128:col=30 score=-1.7094 rank=1987/2088 pct=95.2% selected=False
(Worker_TP1 pid=650) INFO 08-01 19:15:44 [sparse_attn_indexer.py:106] DSv4 indexer rank trace [83/128]: row=1043 candidates=2088 k=512 needle_pos=3871 | r4:col=967 score=-1.2332 rank=1828/2088 pct=87.5% selected=False  r128:col=30 score=-1.7094 rank=1987/2088 pct=95.2% selected=False
(Worker_TP1 pid=650) INFO 08-01 19:15:44 [sparse_attn_indexer.py:106] DSv4 indexer rank trace [84/128]: row=1043 candidates=2088 k=512 needle_pos=3871 | r4:col=967 score=-0.6136 rank=371/2088 pct=17.8% selected=True  r128:col=30 score=-0.7672 rank=642/2088 pct=30.7% selected=False
(Worker_TP0 pid=649) INFO 08-01 19:15:44 [sparse_attn_indexer.py:106] DSv4 indexer rank trace [84/128]: row=1043 candidates=2088 k=512 needle_pos=3871 | r4:col=967 score=-0.6136 rank=371/2088 pct=17.8% selected=True  r128:col=30 score=-0.7672 rank=642/2088 pct=30.7% selected=False
(Worker_TP0 pid=649) INFO 08-01 19:15:45 [sparse_attn_indexer.py:106] DSv4 indexer rank trace [85/128]: row=1043 candidates=2349 k=512 needle_pos=3871 | r4:col=967 score=0.2067 rank=1382/2349 pct=58.8% selected=False  r128:col=30 score=0.6521 rank=640/2349 pct=27.2% selected=False
(Worker_TP1 pid=650) INFO 08-01 19:15:45 [sparse_attn_indexer.py:106] DSv4 indexer rank trace [85/128]: row=1043 candidates=2349 k=512 needle_pos=3871 | r4:col=967 score=0.2067 rank=1382/2349 pct=58.8% selected=False  r128:col=30 score=0.6521 rank=640/2349 pct=27.2% selected=False
(Worker_TP1 pid=650) INFO 08-01 19:15:46 [sparse_attn_indexer.py:106] DSv4 indexer rank trace [86/128]: row=1043 candidates=2349 k=512 needle_pos=3871 | r4:col=967 score=-1.3827 rank=653/2349 pct=27.8% selected=False  r128:col=30 score=-1.8414 rank=1290/2349 pct=54.9% selected=False
(Worker_TP0 pid=649) INFO 08-01 19:15:46 [sparse_attn_indexer.py:106] DSv4 indexer rank trace [86/128]: row=1043 candidates=2349 k=512 needle_pos=3871 | r4:col=967 score=-1.3827 rank=653/2349 pct=27.8% selected=False  r128:col=30 score=-1.8414 rank=1290/2349 pct=54.9% selected=False
(Worker_TP0 pid=649) INFO 08-01 19:15:46 [sparse_attn_indexer.py:106] DSv4 indexer rank trace [87/128]: row=1043 candidates=2349 k=512 needle_pos=3871 | r4:col=967 score=-0.7918 rank=618/2349 pct=26.3% selected=False  r128:col=30 score=-1.5293 rank=1945/2349 pct=82.8% selected=False
(Worker_TP1 pid=650) INFO 08-01 19:15:46 [sparse_attn_indexer.py:106] DSv4 indexer rank trace [87/128]: row=1043 candidates=2349 k=512 needle_pos=3871 | r4:col=967 score=-0.7918 rank=618/2349 pct=26.3% selected=False  r128:col=30 score=-1.5293 rank=1945/2349 pct=82.8% selected=False
(Worker_TP0 pid=649) INFO 08-01 19:15:46 [sparse_attn_indexer.py:106] DSv4 indexer rank trace [88/128]: row=1043 candidates=2349 k=512 needle_pos=3871 | r4:col=967 score=-0.7211 rank=1152/2349 pct=49.0% selected=False  r128:col=30 score=-0.8851 rank=1402/2349 pct=59.7% selected=False
(Worker_TP1 pid=650) INFO 08-01 19:15:46 [sparse_attn_indexer.py:106] DSv4 indexer rank trace [88/128]: row=1043 candidates=2349 k=512 needle_pos=3871 | r4:col=967 score=-0.7211 rank=1152/2349 pct=49.0% selected=False  r128:col=30 score=-0.8851 rank=1402/2349 pct=59.7% selected=False
(Worker_TP0 pid=649) INFO 08-01 19:15:47 [sparse_attn_indexer.py:106] DSv4 indexer rank trace [89/128]: row=1043 candidates=2349 k=512 needle_pos=3871 | r4:col=967 score=-0.4028 rank=1777/2349 pct=75.6% selected=False  r128:col=30 score=-0.8684 rank=2187/2349 pct=93.1% selected=False
(Worker_TP1 pid=650) INFO 08-01 19:15:47 [sparse_attn_indexer.py:106] DSv4 indexer rank trace [89/128]: row=1043 candidates=2349 k=512 needle_pos=3871 | r4:col=967 score=-0.4028 rank=1777/2349 pct=75.6% selected=False  r128:col=30 score=-0.8684 rank=2187/2349 pct=93.1% selected=False
(Worker_TP0 pid=649) INFO 08-01 19:15:47 [sparse_attn_indexer.py:106] DSv4 indexer rank trace [90/128]: row=1043 candidates=2349 k=512 needle_pos=3871 | r4:col=967 score=0.3796 rank=585/2349 pct=24.9% selected=False  r128:col=30 score=-0.6589 rank=1530/2349 pct=65.1% selected=False
(Worker_TP1 pid=650) INFO 08-01 19:15:47 [sparse_attn_indexer.py:106] DSv4 indexer rank trace [90/128]: row=1043 candidates=2349 k=512 needle_pos=3871 | r4:col=967 score=0.3796 rank=585/2349 pct=24.9% selected=False  r128:col=30 score=-0.6589 rank=1530/2349 pct=65.1% selected=False
(Worker_TP1 pid=650) INFO 08-01 19:15:47 [sparse_attn_indexer.py:106] DSv4 indexer rank trace [91/128]: row=1043 candidates=2349 k=512 needle_pos=3871 | r4:col=967 score=0.0139 rank=991/2349 pct=42.2% selected=False  r128:col=30 score=-1.6071 rank=2102/2349 pct=89.5% selected=False
(Worker_TP0 pid=649) INFO 08-01 19:15:47 [sparse_attn_indexer.py:106] DSv4 indexer rank trace [91/128]: row=1043 candidates=2349 k=512 needle_pos=3871 | r4:col=967 score=0.0139 rank=991/2349 pct=42.2% selected=False  r128:col=30 score=-1.6071 rank=2102/2349 pct=89.5% selected=False
(Worker_TP0 pid=649) INFO 08-01 19:15:48 [sparse_attn_indexer.py:106] DSv4 indexer rank trace [92/128]: row=1043 candidates=2349 k=512 needle_pos=3871 | r4:col=967 score=-1.0166 rank=1736/2349 pct=73.9% selected=False  r128:col=30 score=0.6362 rank=732/2349 pct=31.2% selected=False
(Worker_TP1 pid=650) INFO 08-01 19:15:48 [sparse_attn_indexer.py:106] DSv4 indexer rank trace [92/128]: row=1043 candidates=2349 k=512 needle_pos=3871 | r4:col=967 score=-1.0166 rank=1736/2349 pct=73.9% selected=False  r128:col=30 score=0.6362 rank=732/2349 pct=31.2% selected=False
(Worker_TP0 pid=649) INFO 08-01 19:15:49 [sparse_attn_indexer.py:106] DSv4 indexer rank trace [93/128]: row=1043 candidates=2349 k=512 needle_pos=3871 | r4:col=967 score=-0.8960 rank=1892/2349 pct=80.5% selected=False  r128:col=30 score=-0.0795 rank=785/2349 pct=33.4% selected=False
(Worker_TP1 pid=650) INFO 08-01 19:15:49 [sparse_attn_indexer.py:106] DSv4 indexer rank trace [93/128]: row=1043 candidates=2349 k=512 needle_pos=3871 | r4:col=967 score=-0.8960 rank=1892/2349 pct=80.5% selected=False  r128:col=30 score=-0.0795 rank=785/2349 pct=33.4% selected=False
(Worker_TP0 pid=649) INFO 08-01 19:15:50 [sparse_attn_indexer.py:106] DSv4 indexer rank trace [94/128]: row=1043 candidates=2349 k=512 needle_pos=3871 | r4:col=967 score=-0.8809 rank=1910/2349 pct=81.3% selected=False  r128:col=30 score=-0.8919 rank=1917/2349 pct=81.6% selected=False
(Worker_TP1 pid=650) INFO 08-01 19:15:50 [sparse_attn_indexer.py:106] DSv4 indexer rank trace [94/128]: row=1043 candidates=2349 k=512 needle_pos=3871 | r4:col=967 score=-0.8809 rank=1910/2349 pct=81.3% selected=False  r128:col=30 score=-0.8919 rank=1917/2349 pct=81.6% selected=False
(Worker_TP0 pid=649) INFO 08-01 19:15:50 [sparse_attn_indexer.py:106] DSv4 indexer rank trace [95/128]: row=1043 candidates=2349 k=512 needle_pos=3871 | r4:col=967 score=-1.0486 rank=2237/2349 pct=95.2% selected=False  r128:col=30 score=0.8684 rank=836/2349 pct=35.6% selected=False
(Worker_TP1 pid=650) INFO 08-01 19:15:50 [sparse_attn_indexer.py:106] DSv4 indexer rank trace [95/128]: row=1043 candidates=2349 k=512 needle_pos=3871 | r4:col=967 score=-1.0486 rank=2237/2349 pct=95.2% selected=False  r128:col=30 score=0.8684 rank=836/2349 pct=35.6% selected=False
(Worker_TP0 pid=649) INFO 08-01 19:15:51 [sparse_attn_indexer.py:106] DSv4 indexer rank trace [96/128]: row=1043 candidates=2349 k=512 needle_pos=3871 | r4:col=967 score=-0.8811 rank=1907/2349 pct=81.2% selected=False  r128:col=30 score=0.0901 rank=1010/2349 pct=43.0% selected=False
(Worker_TP1 pid=650) INFO 08-01 19:15:51 [sparse_attn_indexer.py:106] DSv4 indexer rank trace [96/128]: row=1043 candidates=2349 k=512 needle_pos=3871 | r4:col=967 score=-0.8811 rank=1907/2349 pct=81.2% selected=False  r128:col=30 score=0.0901 rank=1010/2349 pct=43.0% selected=False
(Worker_TP1 pid=650) INFO 08-01 19:15:51 [sparse_attn_indexer.py:106] DSv4 indexer rank trace [97/128]: row=1043 candidates=2349 k=512 needle_pos=3871 | r4:col=967 score=-0.9478 rank=1934/2349 pct=82.3% selected=False  r128:col=30 score=-1.2316 rank=2130/2349 pct=90.7% selected=False
(Worker_TP0 pid=649) INFO 08-01 19:15:51 [sparse_attn_indexer.py:106] DSv4 indexer rank trace [97/128]: row=1043 candidates=2349 k=512 needle_pos=3871 | r4:col=967 score=-0.9478 rank=1934/2349 pct=82.3% selected=False  r128:col=30 score=-1.2316 rank=2130/2349 pct=90.7% selected=False
(Worker_TP0 pid=649) INFO 08-01 19:15:52 [sparse_attn_indexer.py:106] DSv4 indexer rank trace [98/128]: row=1043 candidates=2349 k=512 needle_pos=3871 | r4:col=967 score=-0.1104 rank=122/2349 pct=5.2% selected=True  r128:col=30 score=-1.3451 rank=1433/2349 pct=61.0% selected=False
(Worker_TP1 pid=650) INFO 08-01 19:15:52 [sparse_attn_indexer.py:106] DSv4 indexer rank trace [98/128]: row=1043 candidates=2349 k=512 needle_pos=3871 | r4:col=967 score=-0.1104 rank=122/2349 pct=5.2% selected=True  r128:col=30 score=-1.3451 rank=1433/2349 pct=61.0% selected=False
(Worker_TP0 pid=649) INFO 08-01 19:15:53 [sparse_attn_indexer.py:106] DSv4 indexer rank trace [99/128]: row=1043 candidates=2349 k=512 needle_pos=3871 | r4:col=967 score=-0.7243 rank=1398/2349 pct=59.5% selected=False  r128:col=30 score=-0.4306 rank=1120/2349 pct=47.7% selected=False
(Worker_TP1 pid=650) INFO 08-01 19:15:53 [sparse_attn_indexer.py:106] DSv4 indexer rank trace [99/128]: row=1043 candidates=2349 k=512 needle_pos=3871 | r4:col=967 score=-0.7243 rank=1398/2349 pct=59.5% selected=False  r128:col=30 score=-0.4306 rank=1120/2349 pct=47.7% selected=False
(Worker_TP0 pid=649) INFO 08-01 19:15:53 [sparse_attn_indexer.py:106] DSv4 indexer rank trace [100/128]: row=1043 candidates=2349 k=512 needle_pos=3871 | r4:col=967 score=-1.0753 rank=2206/2349 pct=93.9% selected=False  r128:col=30 score=-0.7396 rank=1947/2349 pct=82.9% selected=False
(Worker_TP1 pid=650) INFO 08-01 19:15:53 [sparse_attn_indexer.py:106] DSv4 indexer rank trace [100/128]: row=1043 candidates=2349 k=512 needle_pos=3871 | r4:col=967 score=-1.0753 rank=2206/2349 pct=93.9% selected=False  r128:col=30 score=-0.7396 rank=1947/2349 pct=82.9% selected=False
(Worker_TP0 pid=649) INFO 08-01 19:15:54 [sparse_attn_indexer.py:106] DSv4 indexer rank trace [101/128]: row=1043 candidates=2349 k=512 needle_pos=3871 | r4:col=967 score=-0.7677 rank=1626/2349 pct=69.2% selected=False  r128:col=30 score=-0.6607 rank=1447/2349 pct=61.6% selected=False
(Worker_TP1 pid=650) INFO 08-01 19:15:54 [sparse_attn_indexer.py:106] DSv4 indexer rank trace [101/128]: row=1043 candidates=2349 k=512 needle_pos=3871 | r4:col=967 score=-0.7677 rank=1626/2349 pct=69.2% selected=False  r128:col=30 score=-0.6607 rank=1447/2349 pct=61.6% selected=False
(Worker_TP1 pid=650) INFO 08-01 19:15:54 [sparse_attn_indexer.py:106] DSv4 indexer rank trace [102/128]: row=1043 candidates=2349 k=512 needle_pos=3871 | r4:col=967 score=-0.7884 rank=199/2349 pct=8.5% selected=True  r128:col=30 score=-1.8019 rank=1813/2349 pct=77.2% selected=False
(Worker_TP0 pid=649) INFO 08-01 19:15:54 [sparse_attn_indexer.py:106] DSv4 indexer rank trace [102/128]: row=1043 candidates=2349 k=512 needle_pos=3871 | r4:col=967 score=-0.7884 rank=199/2349 pct=8.5% selected=True  r128:col=30 score=-1.8019 rank=1813/2349 pct=77.2% selected=False
(Worker_TP1 pid=650) INFO 08-01 19:15:55 [sparse_attn_indexer.py:106] DSv4 indexer rank trace [103/128]: row=1043 candidates=2349 k=512 needle_pos=3871 | r4:col=967 score=-1.9394 rank=2328/2349 pct=99.1% selected=False  r128:col=30 score=0.0474 rank=721/2349 pct=30.7% selected=False
(Worker_TP0 pid=649) INFO 08-01 19:15:55 [sparse_attn_indexer.py:106] DSv4 indexer rank trace [103/128]: row=1043 candidates=2349 k=512 needle_pos=3871 | r4:col=967 score=-1.9394 rank=2328/2349 pct=99.1% selected=False  r128:col=30 score=0.0474 rank=721/2349 pct=30.7% selected=False
(Worker_TP0 pid=649) INFO 08-01 19:15:55 [sparse_attn_indexer.py:106] DSv4 indexer rank trace [104/128]: row=1043 candidates=2349 k=512 needle_pos=3871 | r4:col=967 score=-0.6907 rank=1339/2349 pct=57.0% selected=False  r128:col=30 score=0.4802 rank=312/2349 pct=13.3% selected=True
(Worker_TP1 pid=650) INFO 08-01 19:15:55 [sparse_attn_indexer.py:106] DSv4 indexer rank trace [104/128]: row=1043 candidates=2349 k=512 needle_pos=3871 | r4:col=967 score=-0.6907 rank=1339/2349 pct=57.0% selected=False  r128:col=30 score=0.4802 rank=312/2349 pct=13.3% selected=True
(Worker_TP0 pid=649) INFO 08-01 19:15:55 [sparse_attn_indexer.py:106] DSv4 indexer rank trace [105/128]: row=1043 candidates=2349 k=512 needle_pos=3871 | r4:col=967 score=-0.7321 rank=363/2349 pct=15.5% selected=True  r128:col=30 score=-0.8282 rank=522/2349 pct=22.2% selected=False
(Worker_TP1 pid=650) INFO 08-01 19:15:55 [sparse_attn_indexer.py:106] DSv4 indexer rank trace [105/128]: row=1043 candidates=2349 k=512 needle_pos=3871 | r4:col=967 score=-0.7321 rank=363/2349 pct=15.5% selected=True  r128:col=30 score=-0.8282 rank=522/2349 pct=22.2% selected=False
(Worker_TP1 pid=650) INFO 08-01 19:15:56 [sparse_attn_indexer.py:106] DSv4 indexer rank trace [106/128]: row=290 candidates=2421 k=512 needle_pos=3871 | r4:col=967 score=0.6182 rank=381/2421 pct=15.7% selected=True  r128:col=30 score=0.1425 rank=787/2421 pct=32.5% selected=False
(Worker_TP0 pid=649) INFO 08-01 19:15:56 [sparse_attn_indexer.py:106] DSv4 indexer rank trace [106/128]: row=290 candidates=2421 k=512 needle_pos=3871 | r4:col=967 score=0.6182 rank=381/2421 pct=15.7% selected=True  r128:col=30 score=0.1425 rank=787/2421 pct=32.5% selected=False
(Worker_TP1 pid=650) INFO 08-01 19:15:56 [sparse_attn_indexer.py:106] DSv4 indexer rank trace [107/128]: row=290 candidates=2421 k=512 needle_pos=3871 | r4:col=967 score=-0.7522 rank=85/2421 pct=3.5% selected=True  r128:col=30 score=-1.7316 rank=988/2421 pct=40.8% selected=False
(Worker_TP0 pid=649) INFO 08-01 19:15:56 [sparse_attn_indexer.py:106] DSv4 indexer rank trace [107/128]: row=290 candidates=2421 k=512 needle_pos=3871 | r4:col=967 score=-0.7522 rank=85/2421 pct=3.5% selected=True  r128:col=30 score=-1.7316 rank=988/2421 pct=40.8% selected=False
(Worker_TP1 pid=650) INFO 08-01 19:15:57 [sparse_attn_indexer.py:106] DSv4 indexer rank trace [108/128]: row=290 candidates=2421 k=512 needle_pos=3871 | r4:col=967 score=0.2427 rank=21/2421 pct=0.9% selected=True  r128:col=30 score=-1.1287 rank=479/2421 pct=19.8% selected=True
(Worker_TP0 pid=649) INFO 08-01 19:15:57 [sparse_attn_indexer.py:106] DSv4 indexer rank trace [108/128]: row=290 candidates=2421 k=512 needle_pos=3871 | r4:col=967 score=0.2427 rank=21/2421 pct=0.9% selected=True  r128:col=30 score=-1.1287 rank=479/2421 pct=19.8% selected=True
(Worker_TP1 pid=650) INFO 08-01 19:15:57 [sparse_attn_indexer.py:106] DSv4 indexer rank trace [109/128]: row=290 candidates=2421 k=512 needle_pos=3871 | r4:col=967 score=-0.0128 rank=77/2421 pct=3.2% selected=True  r128:col=30 score=-0.3891 rank=155/2421 pct=6.4% selected=True
(Worker_TP0 pid=649) INFO 08-01 19:15:57 [sparse_attn_indexer.py:106] DSv4 indexer rank trace [109/128]: row=290 candidates=2421 k=512 needle_pos=3871 | r4:col=967 score=-0.0128 rank=77/2421 pct=3.2% selected=True  r128:col=30 score=-0.3891 rank=155/2421 pct=6.4% selected=True
(Worker_TP1 pid=650) INFO 08-01 19:15:57 [sparse_attn_indexer.py:106] DSv4 indexer rank trace [110/128]: row=290 candidates=2421 k=512 needle_pos=3871 | r4:col=967 score=0.8455 rank=20/2421 pct=0.8% selected=True  r128:col=30 score=-1.4157 rank=1164/2421 pct=48.1% selected=False
(Worker_TP0 pid=649) INFO 08-01 19:15:57 [sparse_attn_indexer.py:106] DSv4 indexer rank trace [110/128]: row=290 candidates=2421 k=512 needle_pos=3871 | r4:col=967 score=0.8455 rank=20/2421 pct=0.8% selected=True  r128:col=30 score=-1.4157 rank=1164/2421 pct=48.1% selected=False
(Worker_TP1 pid=650) INFO 08-01 19:15:57 [sparse_attn_indexer.py:106] DSv4 indexer rank trace [111/128]: row=290 candidates=2421 k=512 needle_pos=3871 | r4:col=967 score=0.8876 rank=33/2421 pct=1.4% selected=True  r128:col=30 score=-0.7793 rank=515/2421 pct=21.3% selected=False
(Worker_TP0 pid=649) INFO 08-01 19:15:57 [sparse_attn_indexer.py:106] DSv4 indexer rank trace [111/128]: row=290 candidates=2421 k=512 needle_pos=3871 | r4:col=967 score=0.8876 rank=33/2421 pct=1.4% selected=True  r128:col=30 score=-0.7793 rank=515/2421 pct=21.3% selected=False
(Worker_TP0 pid=649) INFO 08-01 19:15:57 [sparse_attn_indexer.py:106] DSv4 indexer rank trace [112/128]: row=290 candidates=2421 k=512 needle_pos=3871 | r4:col=967 score=0.9901 rank=42/2421 pct=1.7% selected=True  r128:col=30 score=-1.3993 rank=801/2421 pct=33.1% selected=False
(Worker_TP1 pid=650) INFO 08-01 19:15:57 [sparse_attn_indexer.py:106] DSv4 indexer rank trace [112/128]: row=290 candidates=2421 k=512 needle_pos=3871 | r4:col=967 score=0.9901 rank=42/2421 pct=1.7% selected=True  r128:col=30 score=-1.3993 rank=801/2421 pct=33.1% selected=False
(Worker_TP1 pid=650) INFO 08-01 19:15:58 [sparse_attn_indexer.py:106] DSv4 indexer rank trace [113/128]: row=290 candidates=2421 k=512 needle_pos=3871 | r4:col=967 score=2.0103 rank=18/2421 pct=0.7% selected=True  r128:col=30 score=-1.4016 rank=636/2421 pct=26.3% selected=False
(Worker_TP0 pid=649) INFO 08-01 19:15:58 [sparse_attn_indexer.py:106] DSv4 indexer rank trace [113/128]: row=290 candidates=2421 k=512 needle_pos=3871 | r4:col=967 score=2.0103 rank=18/2421 pct=0.7% selected=True  r128:col=30 score=-1.4016 rank=636/2421 pct=26.3% selected=False
(Worker_TP1 pid=650) INFO 08-01 19:15:58 [sparse_attn_indexer.py:106] DSv4 indexer rank trace [114/128]: row=290 candidates=2421 k=512 needle_pos=3871 | r4:col=967 score=1.6318 rank=15/2421 pct=0.6% selected=True  r128:col=30 score=-1.2486 rank=378/2421 pct=15.6% selected=True
(Worker_TP0 pid=649) INFO 08-01 19:15:58 [sparse_attn_indexer.py:106] DSv4 indexer rank trace [114/128]: row=290 candidates=2421 k=512 needle_pos=3871 | r4:col=967 score=1.6318 rank=15/2421 pct=0.6% selected=True  r128:col=30 score=-1.2486 rank=378/2421 pct=15.6% selected=True
(Worker_TP1 pid=650) INFO 08-01 19:15:59 [sparse_attn_indexer.py:106] DSv4 indexer rank trace [115/128]: row=290 candidates=2421 k=512 needle_pos=3871 | r4:col=967 score=3.5199 rank=5/2421 pct=0.2% selected=True  r128:col=30 score=-1.9304 rank=1043/2421 pct=43.1% selected=False
(Worker_TP0 pid=649) INFO 08-01 19:15:59 [sparse_attn_indexer.py:106] DSv4 indexer rank trace [115/128]: row=290 candidates=2421 k=512 needle_pos=3871 | r4:col=967 score=3.5199 rank=5/2421 pct=0.2% selected=True  r128:col=30 score=-1.9304 rank=1043/2421 pct=43.1% selected=False
(Worker_TP1 pid=650) INFO 08-01 19:16:00 [sparse_attn_indexer.py:106] DSv4 indexer rank trace [116/128]: row=290 candidates=2421 k=512 needle_pos=3871 | r4:col=967 score=5.5787 rank=3/2421 pct=0.1% selected=True  r128:col=30 score=-0.1540 rank=307/2421 pct=12.7% selected=True
(Worker_TP0 pid=649) INFO 08-01 19:16:00 [sparse_attn_indexer.py:106] DSv4 indexer rank trace [116/128]: row=290 candidates=2421 k=512 needle_pos=3871 | r4:col=967 score=5.5787 rank=3/2421 pct=0.1% selected=True  r128:col=30 score=-0.1540 rank=307/2421 pct=12.7% selected=True
(Worker_TP1 pid=650) INFO 08-01 19:16:00 [sparse_attn_indexer.py:106] DSv4 indexer rank trace [117/128]: row=290 candidates=2421 k=512 needle_pos=3871 | r4:col=967 score=3.8742 rank=10/2421 pct=0.4% selected=True  r128:col=30 score=-0.4517 rank=430/2421 pct=17.8% selected=True
(Worker_TP0 pid=649) INFO 08-01 19:16:00 [sparse_attn_indexer.py:106] DSv4 indexer rank trace [117/128]: row=290 candidates=2421 k=512 needle_pos=3871 | r4:col=967 score=3.8742 rank=10/2421 pct=0.4% selected=True  r128:col=30 score=-0.4517 rank=430/2421 pct=17.8% selected=True
(Worker_TP1 pid=650) INFO 08-01 19:16:00 [sparse_attn_indexer.py:106] DSv4 indexer rank trace [118/128]: row=290 candidates=2421 k=512 needle_pos=3871 | r4:col=967 score=2.7042 rank=11/2421 pct=0.5% selected=True  r128:col=30 score=-1.2264 rank=462/2421 pct=19.1% selected=True
(Worker_TP0 pid=649) INFO 08-01 19:16:01 [sparse_attn_indexer.py:106] DSv4 indexer rank trace [118/128]: row=290 candidates=2421 k=512 needle_pos=3871 | r4:col=967 score=2.7042 rank=11/2421 pct=0.5% selected=True  r128:col=30 score=-1.2264 rank=462/2421 pct=19.1% selected=True
(Worker_TP0 pid=649) INFO 08-01 19:16:01 [sparse_attn_indexer.py:106] DSv4 indexer rank trace [119/128]: row=290 candidates=2421 k=512 needle_pos=3871 | r4:col=967 score=0.9114 rank=7/2421 pct=0.3% selected=True  r128:col=30 score=-2.0840 rank=565/2421 pct=23.3% selected=False
(Worker_TP1 pid=650) INFO 08-01 19:16:01 [sparse_attn_indexer.py:106] DSv4 indexer rank trace [119/128]: row=290 candidates=2421 k=512 needle_pos=3871 | r4:col=967 score=0.9114 rank=7/2421 pct=0.3% selected=True  r128:col=30 score=-2.0840 rank=565/2421 pct=23.3% selected=False
(Worker_TP1 pid=650) INFO 08-01 19:16:01 [sparse_attn_indexer.py:106] DSv4 indexer rank trace [120/128]: row=290 candidates=2421 k=512 needle_pos=3871 | r4:col=967 score=3.0588 rank=9/2421 pct=0.4% selected=True  r128:col=30 score=-0.8622 rank=290/2421 pct=12.0% selected=True
(Worker_TP0 pid=649) INFO 08-01 19:16:01 [sparse_attn_indexer.py:106] DSv4 indexer rank trace [120/128]: row=290 candidates=2421 k=512 needle_pos=3871 | r4:col=967 score=3.0588 rank=9/2421 pct=0.4% selected=True  r128:col=30 score=-0.8622 rank=290/2421 pct=12.0% selected=True
(Worker_TP0 pid=649) INFO 08-01 19:16:02 [sparse_attn_indexer.py:106] DSv4 indexer rank trace [121/128]: row=290 candidates=2421 k=512 needle_pos=3871 | r4:col=967 score=3.8072 rank=7/2421 pct=0.3% selected=True  r128:col=30 score=-1.7001 rank=783/2421 pct=32.3% selected=False
(Worker_TP1 pid=650) INFO 08-01 19:16:02 [sparse_attn_indexer.py:106] DSv4 indexer rank trace [121/128]: row=290 candidates=2421 k=512 needle_pos=3871 | r4:col=967 score=3.8072 rank=7/2421 pct=0.3% selected=True  r128:col=30 score=-1.7001 rank=783/2421 pct=32.3% selected=False
(Worker_TP1 pid=650) INFO 08-01 19:16:03 [sparse_attn_indexer.py:106] DSv4 indexer rank trace [122/128]: row=290 candidates=2421 k=512 needle_pos=3871 | r4:col=967 score=2.1350 rank=27/2421 pct=1.1% selected=True  r128:col=30 score=-2.3051 rank=1880/2421 pct=77.7% selected=False
(Worker_TP0 pid=649) INFO 08-01 19:16:03 [sparse_attn_indexer.py:106] DSv4 indexer rank trace [122/128]: row=290 candidates=2421 k=512 needle_pos=3871 | r4:col=967 score=2.1350 rank=27/2421 pct=1.1% selected=True  r128:col=30 score=-2.3051 rank=1880/2421 pct=77.7% selected=False
(Worker_TP1 pid=650) INFO 08-01 19:16:03 [sparse_attn_indexer.py:106] DSv4 indexer rank trace [123/128]: row=290 candidates=2421 k=512 needle_pos=3871 | r4:col=967 score=0.4865 rank=13/2421 pct=0.5% selected=True  r128:col=30 score=-2.2594 rank=411/2421 pct=17.0% selected=True
(Worker_TP0 pid=649) INFO 08-01 19:16:03 [sparse_attn_indexer.py:106] DSv4 indexer rank trace [123/128]: row=290 candidates=2421 k=512 needle_pos=3871 | r4:col=967 score=0.4865 rank=13/2421 pct=0.5% selected=True  r128:col=30 score=-2.2594 rank=411/2421 pct=17.0% selected=True
(Worker_TP0 pid=649) INFO 08-01 19:16:03 [sparse_attn_indexer.py:106] DSv4 indexer rank trace [124/128]: row=290 candidates=2421 k=512 needle_pos=3871 | r4:col=967 score=3.7297 rank=5/2421 pct=0.2% selected=True  r128:col=30 score=-0.7685 rank=279/2421 pct=11.5% selected=True
(Worker_TP1 pid=650) INFO 08-01 19:16:03 [sparse_attn_indexer.py:106] DSv4 indexer rank trace [124/128]: row=290 candidates=2421 k=512 needle_pos=3871 | r4:col=967 score=3.7297 rank=5/2421 pct=0.2% selected=True  r128:col=30 score=-0.7685 rank=279/2421 pct=11.5% selected=True
(Worker_TP1 pid=650) INFO 08-01 19:16:03 [sparse_attn_indexer.py:106] DSv4 indexer rank trace [125/128]: row=290 candidates=2421 k=512 needle_pos=3871 | r4:col=967 score=1.8579 rank=13/2421 pct=0.5% selected=True  r128:col=30 score=-1.1241 rank=861/2421 pct=35.6% selected=False
(Worker_TP0 pid=649) INFO 08-01 19:16:03 [sparse_attn_indexer.py:106] DSv4 indexer rank trace [125/128]: row=290 candidates=2421 k=512 needle_pos=3871 | r4:col=967 score=1.8579 rank=13/2421 pct=0.5% selected=True  r128:col=30 score=-1.1241 rank=861/2421 pct=35.6% selected=False
(Worker_TP1 pid=650) INFO 08-01 19:16:04 [sparse_attn_indexer.py:106] DSv4 indexer rank trace [126/128]: row=290 candidates=2421 k=512 needle_pos=3871 | r4:col=967 score=0.4700 rank=22/2421 pct=0.9% selected=True  r128:col=30 score=-1.2064 rank=202/2421 pct=8.3% selected=True
(Worker_TP0 pid=649) INFO 08-01 19:16:04 [sparse_attn_indexer.py:106] DSv4 indexer rank trace [126/128]: row=290 candidates=2421 k=512 needle_pos=3871 | r4:col=967 score=0.4700 rank=22/2421 pct=0.9% selected=True  r128:col=30 score=-1.2064 rank=202/2421 pct=8.3% selected=True
