(Worker_TP0 pid=649) INFO 08-01 19:13:12 [sparse_attn_indexer.py:106] DSv4 indexer rank trace [1/128]: row=1043 candidates=2088 k=512 needle_pos=3871 | r4:col=967 score=0.2612 rank=1203/2088 pct=57.6% selected=False  r128:col=30 score=1.1079 rank=209/2088 pct=10.0% selected=True
(Worker_TP1 pid=650) INFO 08-01 19:13:12 [sparse_attn_indexer.py:106] DSv4 indexer rank trace [1/128]: row=1043 candidates=2088 k=512 needle_pos=3871 | r4:col=967 score=0.2612 rank=1203/2088 pct=57.6% selected=False  r128:col=30 score=1.1079 rank=209/2088 pct=10.0% selected=True
(Worker_TP1 pid=650) INFO 08-01 19:13:13 [sparse_attn_indexer.py:106] DSv4 indexer rank trace [2/128]: row=1043 candidates=2088 k=512 needle_pos=3871 | r4:col=967 score=-0.7628 rank=917/2088 pct=43.9% selected=False  r128:col=30 score=-0.8611 rank=1131/2088 pct=54.2% selected=False
(Worker_TP0 pid=649) INFO 08-01 19:13:13 [sparse_attn_indexer.py:106] DSv4 indexer rank trace [2/128]: row=1043 candidates=2088 k=512 needle_pos=3871 | r4:col=967 score=-0.7628 rank=917/2088 pct=43.9% selected=False  r128:col=30 score=-0.8611 rank=1131/2088 pct=54.2% selected=False
(Worker_TP0 pid=649) INFO 08-01 19:13:13 [sparse_attn_indexer.py:106] DSv4 indexer rank trace [3/128]: row=1043 candidates=2088 k=512 needle_pos=3871 | r4:col=967 score=-0.3450 rank=455/2088 pct=21.8% selected=True  r128:col=30 score=-0.6291 rank=839/2088 pct=40.2% selected=False
(Worker_TP1 pid=650) INFO 08-01 19:13:13 [sparse_attn_indexer.py:106] DSv4 indexer rank trace [3/128]: row=1043 candidates=2088 k=512 needle_pos=3871 | r4:col=967 score=-0.3450 rank=455/2088 pct=21.8% selected=True  r128:col=30 score=-0.6291 rank=839/2088 pct=40.2% selected=False
(Worker_TP1 pid=650) INFO 08-01 19:13:14 [sparse_attn_indexer.py:106] DSv4 indexer rank trace [4/128]: row=1043 candidates=2088 k=512 needle_pos=3871 | r4:col=967 score=-0.2066 rank=701/2088 pct=33.6% selected=False  r128:col=30 score=-0.4457 rank=1059/2088 pct=50.7% selected=False
(Worker_TP0 pid=649) INFO 08-01 19:13:14 [sparse_attn_indexer.py:106] DSv4 indexer rank trace [4/128]: row=1043 candidates=2088 k=512 needle_pos=3871 | r4:col=967 score=-0.2066 rank=701/2088 pct=33.6% selected=False  r128:col=30 score=-0.4457 rank=1059/2088 pct=50.7% selected=False
(Worker_TP0 pid=649) INFO 08-01 19:13:14 [sparse_attn_indexer.py:106] DSv4 indexer rank trace [5/128]: row=1043 candidates=2088 k=512 needle_pos=3871 | r4:col=967 score=-0.1394 rank=1120/2088 pct=53.6% selected=False  r128:col=30 score=-0.2737 rank=1290/2088 pct=61.8% selected=False
(Worker_TP1 pid=650) INFO 08-01 19:13:14 [sparse_attn_indexer.py:106] DSv4 indexer rank trace [5/128]: row=1043 candidates=2088 k=512 needle_pos=3871 | r4:col=967 score=-0.1394 rank=1120/2088 pct=53.6% selected=False  r128:col=30 score=-0.2737 rank=1290/2088 pct=61.8% selected=False
(Worker_TP0 pid=649) INFO 08-01 19:13:15 [sparse_attn_indexer.py:106] DSv4 indexer rank trace [6/128]: row=1043 candidates=2088 k=512 needle_pos=3871 | r4:col=967 score=-0.7337 rank=1750/2088 pct=83.8% selected=False  r128:col=30 score=-0.1342 rank=1215/2088 pct=58.2% selected=False
(Worker_TP1 pid=650) INFO 08-01 19:13:15 [sparse_attn_indexer.py:106] DSv4 indexer rank trace [6/128]: row=1043 candidates=2088 k=512 needle_pos=3871 | r4:col=967 score=-0.7337 rank=1750/2088 pct=83.8% selected=False  r128:col=30 score=-0.1342 rank=1215/2088 pct=58.2% selected=False
(Worker_TP1 pid=650) INFO 08-01 19:13:15 [sparse_attn_indexer.py:106] DSv4 indexer rank trace [7/128]: row=1043 candidates=2088 k=512 needle_pos=3871 | r4:col=967 score=-1.0865 rank=1898/2088 pct=90.9% selected=False  r128:col=30 score=-0.8267 rank=1792/2088 pct=85.8% selected=False
(Worker_TP0 pid=649) INFO 08-01 19:13:15 [sparse_attn_indexer.py:106] DSv4 indexer rank trace [7/128]: row=1043 candidates=2088 k=512 needle_pos=3871 | r4:col=967 score=-1.0865 rank=1898/2088 pct=90.9% selected=False  r128:col=30 score=-0.8267 rank=1792/2088 pct=85.8% selected=False
(Worker_TP0 pid=649) INFO 08-01 19:13:15 [sparse_attn_indexer.py:106] DSv4 indexer rank trace [8/128]: row=1043 candidates=2088 k=512 needle_pos=3871 | r4:col=967 score=-1.5568 rank=2013/2088 pct=96.4% selected=False  r128:col=30 score=-0.1782 rank=1364/2088 pct=65.3% selected=False
(Worker_TP1 pid=650) INFO 08-01 19:13:15 [sparse_attn_indexer.py:106] DSv4 indexer rank trace [8/128]: row=1043 candidates=2088 k=512 needle_pos=3871 | r4:col=967 score=-1.5568 rank=2013/2088 pct=96.4% selected=False  r128:col=30 score=-0.1782 rank=1364/2088 pct=65.3% selected=False
(Worker_TP0 pid=649) INFO 08-01 19:13:16 [sparse_attn_indexer.py:106] DSv4 indexer rank trace [9/128]: row=1043 candidates=2088 k=512 needle_pos=3871 | r4:col=967 score=-1.0976 rank=1845/2088 pct=88.4% selected=False  r128:col=30 score=-0.4506 rank=1043/2088 pct=50.0% selected=False
(Worker_TP1 pid=650) INFO 08-01 19:13:16 [sparse_attn_indexer.py:106] DSv4 indexer rank trace [9/128]: row=1043 candidates=2088 k=512 needle_pos=3871 | r4:col=967 score=-1.0976 rank=1845/2088 pct=88.4% selected=False  r128:col=30 score=-0.4506 rank=1043/2088 pct=50.0% selected=False
(Worker_TP0 pid=649) INFO 08-01 19:13:17 [sparse_attn_indexer.py:106] DSv4 indexer rank trace [10/128]: row=1043 candidates=2088 k=512 needle_pos=3871 | r4:col=967 score=-0.5497 rank=1565/2088 pct=75.0% selected=False  r128:col=30 score=-0.7734 rank=1668/2088 pct=79.9% selected=False
(Worker_TP1 pid=650) INFO 08-01 19:13:17 [sparse_attn_indexer.py:106] DSv4 indexer rank trace [10/128]: row=1043 candidates=2088 k=512 needle_pos=3871 | r4:col=967 score=-0.5497 rank=1565/2088 pct=75.0% selected=False  r128:col=30 score=-0.7734 rank=1668/2088 pct=79.9% selected=False
(Worker_TP0 pid=649) INFO 08-01 19:13:18 [sparse_attn_indexer.py:106] DSv4 indexer rank trace [11/128]: row=1043 candidates=2088 k=512 needle_pos=3871 | r4:col=967 score=-0.4079 rank=1612/2088 pct=77.2% selected=False  r128:col=30 score=0.5056 rank=864/2088 pct=41.4% selected=False
(Worker_TP1 pid=650) INFO 08-01 19:13:18 [sparse_attn_indexer.py:106] DSv4 indexer rank trace [11/128]: row=1043 candidates=2088 k=512 needle_pos=3871 | r4:col=967 score=-0.4079 rank=1612/2088 pct=77.2% selected=False  r128:col=30 score=0.5056 rank=864/2088 pct=41.4% selected=False
(Worker_TP0 pid=649) INFO 08-01 19:13:18 [sparse_attn_indexer.py:106] DSv4 indexer rank trace [12/128]: row=1043 candidates=2088 k=512 needle_pos=3871 | r4:col=967 score=-1.1356 rank=1557/2088 pct=74.6% selected=False  r128:col=30 score=-0.8213 rank=1286/2088 pct=61.6% selected=False
(Worker_TP1 pid=650) INFO 08-01 19:13:18 [sparse_attn_indexer.py:106] DSv4 indexer rank trace [12/128]: row=1043 candidates=2088 k=512 needle_pos=3871 | r4:col=967 score=-1.1356 rank=1557/2088 pct=74.6% selected=False  r128:col=30 score=-0.8213 rank=1286/2088 pct=61.6% selected=False
(Worker_TP0 pid=649) INFO 08-01 19:13:19 [sparse_attn_indexer.py:106] DSv4 indexer rank trace [13/128]: row=1043 candidates=2088 k=512 needle_pos=3871 | r4:col=967 score=-1.6103 rank=2003/2088 pct=95.9% selected=False  r128:col=30 score=-1.2141 rank=1766/2088 pct=84.6% selected=False
(Worker_TP1 pid=650) INFO 08-01 19:13:19 [sparse_attn_indexer.py:106] DSv4 indexer rank trace [13/128]: row=1043 candidates=2088 k=512 needle_pos=3871 | r4:col=967 score=-1.6103 rank=2003/2088 pct=95.9% selected=False  r128:col=30 score=-1.2141 rank=1766/2088 pct=84.6% selected=False
(Worker_TP0 pid=649) INFO 08-01 19:13:20 [sparse_attn_indexer.py:106] DSv4 indexer rank trace [14/128]: row=1043 candidates=2088 k=512 needle_pos=3871 | r4:col=967 score=-1.4642 rank=1261/2088 pct=60.4% selected=False  r128:col=30 score=-1.3822 rank=1117/2088 pct=53.5% selected=False
(Worker_TP1 pid=650) INFO 08-01 19:13:20 [sparse_attn_indexer.py:106] DSv4 indexer rank trace [14/128]: row=1043 candidates=2088 k=512 needle_pos=3871 | r4:col=967 score=-1.4642 rank=1261/2088 pct=60.4% selected=False  r128:col=30 score=-1.3822 rank=1117/2088 pct=53.5% selected=False
(Worker_TP0 pid=649) INFO 08-01 19:13:20 [sparse_attn_indexer.py:106] DSv4 indexer rank trace [15/128]: row=1043 candidates=2088 k=512 needle_pos=3871 | r4:col=967 score=-0.5151 rank=1072/2088 pct=51.3% selected=False  r128:col=30 score=-0.5952 rank=1133/2088 pct=54.3% selected=False
(Worker_TP1 pid=650) INFO 08-01 19:13:20 [sparse_attn_indexer.py:106] DSv4 indexer rank trace [15/128]: row=1043 candidates=2088 k=512 needle_pos=3871 | r4:col=967 score=-0.5151 rank=1072/2088 pct=51.3% selected=False  r128:col=30 score=-0.5952 rank=1133/2088 pct=54.3% selected=False
(Worker_TP0 pid=649) INFO 08-01 19:13:21 [sparse_attn_indexer.py:106] DSv4 indexer rank trace [16/128]: row=1043 candidates=2088 k=512 needle_pos=3871 | r4:col=967 score=-1.3769 rank=1931/2088 pct=92.5% selected=False  r128:col=30 score=-0.4642 rank=1126/2088 pct=53.9% selected=False
(Worker_TP1 pid=650) INFO 08-01 19:13:21 [sparse_attn_indexer.py:106] DSv4 indexer rank trace [16/128]: row=1043 candidates=2088 k=512 needle_pos=3871 | r4:col=967 score=-1.3769 rank=1931/2088 pct=92.5% selected=False  r128:col=30 score=-0.4642 rank=1126/2088 pct=53.9% selected=False
(Worker_TP0 pid=649) INFO 08-01 19:13:22 [sparse_attn_indexer.py:106] DSv4 indexer rank trace [17/128]: row=1043 candidates=2088 k=512 needle_pos=3871 | r4:col=967 score=0.0572 rank=612/2088 pct=29.3% selected=False  r128:col=30 score=0.3626 rank=429/2088 pct=20.5% selected=True
(Worker_TP1 pid=650) INFO 08-01 19:13:22 [sparse_attn_indexer.py:106] DSv4 indexer rank trace [17/128]: row=1043 candidates=2088 k=512 needle_pos=3871 | r4:col=967 score=0.0572 rank=612/2088 pct=29.3% selected=False  r128:col=30 score=0.3626 rank=429/2088 pct=20.5% selected=True
(Worker_TP1 pid=650) INFO 08-01 19:13:22 [sparse_attn_indexer.py:106] DSv4 indexer rank trace [18/128]: row=1043 candidates=2088 k=512 needle_pos=3871 | r4:col=967 score=-1.7745 rank=1394/2088 pct=66.8% selected=False  r128:col=30 score=-0.9996 rank=367/2088 pct=17.6% selected=True
(Worker_TP0 pid=649) INFO 08-01 19:13:22 [sparse_attn_indexer.py:106] DSv4 indexer rank trace [18/128]: row=1043 candidates=2088 k=512 needle_pos=3871 | r4:col=967 score=-1.7745 rank=1394/2088 pct=66.8% selected=False  r128:col=30 score=-0.9996 rank=367/2088 pct=17.6% selected=True
(Worker_TP0 pid=649) INFO 08-01 19:13:22 [sparse_attn_indexer.py:106] DSv4 indexer rank trace [19/128]: row=1043 candidates=2088 k=512 needle_pos=3871 | r4:col=967 score=0.0011 rank=759/2088 pct=36.4% selected=False  r128:col=30 score=0.2852 rank=559/2088 pct=26.8% selected=False
(Worker_TP1 pid=650) INFO 08-01 19:13:22 [sparse_attn_indexer.py:106] DSv4 indexer rank trace [19/128]: row=1043 candidates=2088 k=512 needle_pos=3871 | r4:col=967 score=0.0011 rank=759/2088 pct=36.4% selected=False  r128:col=30 score=0.2852 rank=559/2088 pct=26.8% selected=False
(Worker_TP0 pid=649) INFO 08-01 19:13:23 [sparse_attn_indexer.py:106] DSv4 indexer rank trace [20/128]: row=1043 candidates=2088 k=512 needle_pos=3871 | r4:col=967 score=-0.4610 rank=1375/2088 pct=65.9% selected=False  r128:col=30 score=-1.6179 rank=1957/2088 pct=93.7% selected=False
(Worker_TP1 pid=650) INFO 08-01 19:13:23 [sparse_attn_indexer.py:106] DSv4 indexer rank trace [20/128]: row=1043 candidates=2088 k=512 needle_pos=3871 | r4:col=967 score=-0.4610 rank=1375/2088 pct=65.9% selected=False  r128:col=30 score=-1.6179 rank=1957/2088 pct=93.7% selected=False
(Worker_TP0 pid=649) INFO 08-01 19:13:23 [sparse_attn_indexer.py:106] DSv4 indexer rank trace [21/128]: row=1043 candidates=2088 k=512 needle_pos=3871 | r4:col=967 score=-0.9348 rank=955/2088 pct=45.7% selected=False  r128:col=30 score=-0.7758 rank=603/2088 pct=28.9% selected=False
(Worker_TP1 pid=650) INFO 08-01 19:13:23 [sparse_attn_indexer.py:106] DSv4 indexer rank trace [21/128]: row=1043 candidates=2088 k=512 needle_pos=3871 | r4:col=967 score=-0.9348 rank=955/2088 pct=45.7% selected=False  r128:col=30 score=-0.7758 rank=603/2088 pct=28.9% selected=False
(Worker_TP0 pid=649) INFO 08-01 19:13:23 [sparse_attn_indexer.py:106] DSv4 indexer rank trace [22/128]: row=1043 candidates=2349 k=512 needle_pos=3871 | r4:col=967 score=0.3838 rank=1089/2349 pct=46.4% selected=False  r128:col=30 score=0.6521 rank=638/2349 pct=27.2% selected=False
(Worker_TP1 pid=650) INFO 08-01 19:13:23 [sparse_attn_indexer.py:106] DSv4 indexer rank trace [22/128]: row=1043 candidates=2349 k=512 needle_pos=3871 | r4:col=967 score=0.3838 rank=1089/2349 pct=46.4% selected=False  r128:col=30 score=0.6521 rank=638/2349 pct=27.2% selected=False
(Worker_TP1 pid=650) INFO 08-01 19:13:24 [sparse_attn_indexer.py:106] DSv4 indexer rank trace [23/128]: row=1043 candidates=2349 k=512 needle_pos=3871 | r4:col=967 score=-2.0099 rank=1548/2349 pct=65.9% selected=False  r128:col=30 score=-1.8422 rank=1302/2349 pct=55.4% selected=False
(Worker_TP0 pid=649) INFO 08-01 19:13:24 [sparse_attn_indexer.py:106] DSv4 indexer rank trace [23/128]: row=1043 candidates=2349 k=512 needle_pos=3871 | r4:col=967 score=-2.0099 rank=1548/2349 pct=65.9% selected=False  r128:col=30 score=-1.8422 rank=1302/2349 pct=55.4% selected=False
(Worker_TP1 pid=650) INFO 08-01 19:13:24 [sparse_attn_indexer.py:106] DSv4 indexer rank trace [24/128]: row=1043 candidates=2349 k=512 needle_pos=3871 | r4:col=967 score=-0.5905 rank=378/2349 pct=16.1% selected=True  r128:col=30 score=-1.5326 rank=1918/2349 pct=81.7% selected=False
(Worker_TP0 pid=649) INFO 08-01 19:13:24 [sparse_attn_indexer.py:106] DSv4 indexer rank trace [24/128]: row=1043 candidates=2349 k=512 needle_pos=3871 | r4:col=967 score=-0.5905 rank=378/2349 pct=16.1% selected=True  r128:col=30 score=-1.5326 rank=1918/2349 pct=81.7% selected=False
(Worker_TP1 pid=650) INFO 08-01 19:13:25 [sparse_attn_indexer.py:106] DSv4 indexer rank trace [25/128]: row=1043 candidates=2349 k=512 needle_pos=3871 | r4:col=967 score=0.0154 rank=385/2349 pct=16.4% selected=True  r128:col=30 score=-0.8646 rank=1403/2349 pct=59.7% selected=False
(Worker_TP0 pid=649) INFO 08-01 19:13:25 [sparse_attn_indexer.py:106] DSv4 indexer rank trace [25/128]: row=1043 candidates=2349 k=512 needle_pos=3871 | r4:col=967 score=0.0154 rank=385/2349 pct=16.4% selected=True  r128:col=30 score=-0.8646 rank=1403/2349 pct=59.7% selected=False
(Worker_TP0 pid=649) INFO 08-01 19:13:25 [sparse_attn_indexer.py:106] DSv4 indexer rank trace [26/128]: row=1043 candidates=2349 k=512 needle_pos=3871 | r4:col=967 score=-0.2491 rank=1562/2349 pct=66.5% selected=False  r128:col=30 score=-0.9027 rank=2200/2349 pct=93.7% selected=False
(Worker_TP1 pid=650) INFO 08-01 19:13:25 [sparse_attn_indexer.py:106] DSv4 indexer rank trace [26/128]: row=1043 candidates=2349 k=512 needle_pos=3871 | r4:col=967 score=-0.2491 rank=1562/2349 pct=66.5% selected=False  r128:col=30 score=-0.9027 rank=2200/2349 pct=93.7% selected=False
(Worker_TP0 pid=649) INFO 08-01 19:13:26 [sparse_attn_indexer.py:106] DSv4 indexer rank trace [27/128]: row=1043 candidates=2349 k=512 needle_pos=3871 | r4:col=967 score=-0.0816 rank=995/2349 pct=42.4% selected=False  r128:col=30 score=-0.6425 rank=1556/2349 pct=66.2% selected=False
(Worker_TP1 pid=650) INFO 08-01 19:13:26 [sparse_attn_indexer.py:106] DSv4 indexer rank trace [27/128]: row=1043 candidates=2349 k=512 needle_pos=3871 | r4:col=967 score=-0.0816 rank=995/2349 pct=42.4% selected=False  r128:col=30 score=-0.6425 rank=1556/2349 pct=66.2% selected=False
(Worker_TP0 pid=649) INFO 08-01 19:13:26 [sparse_attn_indexer.py:106] DSv4 indexer rank trace [28/128]: row=1043 candidates=2349 k=512 needle_pos=3871 | r4:col=967 score=-0.0109 rank=1008/2349 pct=42.9% selected=False  r128:col=30 score=-1.5601 rank=2081/2349 pct=88.6% selected=False
(Worker_TP1 pid=650) INFO 08-01 19:13:26 [sparse_attn_indexer.py:106] DSv4 indexer rank trace [28/128]: row=1043 candidates=2349 k=512 needle_pos=3871 | r4:col=967 score=-0.0109 rank=1008/2349 pct=42.9% selected=False  r128:col=30 score=-1.5601 rank=2081/2349 pct=88.6% selected=False
(Worker_TP1 pid=650) INFO 08-01 19:13:26 [sparse_attn_indexer.py:106] DSv4 indexer rank trace [29/128]: row=1043 candidates=2349 k=512 needle_pos=3871 | r4:col=967 score=-1.5201 rank=2004/2349 pct=85.3% selected=False  r128:col=30 score=0.6431 rank=690/2349 pct=29.4% selected=False
(Worker_TP0 pid=649) INFO 08-01 19:13:26 [sparse_attn_indexer.py:106] DSv4 indexer rank trace [29/128]: row=1043 candidates=2349 k=512 needle_pos=3871 | r4:col=967 score=-1.5201 rank=2004/2349 pct=85.3% selected=False  r128:col=30 score=0.6431 rank=690/2349 pct=29.4% selected=False
(Worker_TP1 pid=650) INFO 08-01 19:13:27 [sparse_attn_indexer.py:106] DSv4 indexer rank trace [30/128]: row=1043 candidates=2349 k=512 needle_pos=3871 | r4:col=967 score=-1.0840 rank=2014/2349 pct=85.7% selected=False  r128:col=30 score=-0.0747 rank=757/2349 pct=32.2% selected=False
(Worker_TP0 pid=649) INFO 08-01 19:13:27 [sparse_attn_indexer.py:106] DSv4 indexer rank trace [30/128]: row=1043 candidates=2349 k=512 needle_pos=3871 | r4:col=967 score=-1.0840 rank=2014/2349 pct=85.7% selected=False  r128:col=30 score=-0.0747 rank=757/2349 pct=32.2% selected=False
(Worker_TP0 pid=649) INFO 08-01 19:13:28 [sparse_attn_indexer.py:106] DSv4 indexer rank trace [31/128]: row=1043 candidates=2349 k=512 needle_pos=3871 | r4:col=967 score=-0.4578 rank=1678/2349 pct=71.4% selected=False  r128:col=30 score=-0.6666 rank=1801/2349 pct=76.7% selected=False
(Worker_TP1 pid=650) INFO 08-01 19:13:28 [sparse_attn_indexer.py:106] DSv4 indexer rank trace [31/128]: row=1043 candidates=2349 k=512 needle_pos=3871 | r4:col=967 score=-0.4578 rank=1678/2349 pct=71.4% selected=False  r128:col=30 score=-0.6666 rank=1801/2349 pct=76.7% selected=False
(Worker_TP0 pid=649) INFO 08-01 19:13:29 [sparse_attn_indexer.py:106] DSv4 indexer rank trace [32/128]: row=1043 candidates=2349 k=512 needle_pos=3871 | r4:col=967 score=0.0784 rank=1618/2349 pct=68.9% selected=False  r128:col=30 score=1.0343 rank=755/2349 pct=32.1% selected=False
(Worker_TP1 pid=650) INFO 08-01 19:13:29 [sparse_attn_indexer.py:106] DSv4 indexer rank trace [32/128]: row=1043 candidates=2349 k=512 needle_pos=3871 | r4:col=967 score=0.0784 rank=1618/2349 pct=68.9% selected=False  r128:col=30 score=1.0343 rank=755/2349 pct=32.1% selected=False
(Worker_TP0 pid=649) INFO 08-01 19:13:29 [sparse_attn_indexer.py:106] DSv4 indexer rank trace [33/128]: row=1043 candidates=2349 k=512 needle_pos=3871 | r4:col=967 score=0.4432 rank=674/2349 pct=28.7% selected=False  r128:col=30 score=0.2090 rank=845/2349 pct=36.0% selected=False
(Worker_TP1 pid=650) INFO 08-01 19:13:29 [sparse_attn_indexer.py:106] DSv4 indexer rank trace [33/128]: row=1043 candidates=2349 k=512 needle_pos=3871 | r4:col=967 score=0.4432 rank=674/2349 pct=28.7% selected=False  r128:col=30 score=0.2090 rank=845/2349 pct=36.0% selected=False
(Worker_TP0 pid=649) INFO 08-01 19:13:30 [sparse_attn_indexer.py:106] DSv4 indexer rank trace [34/128]: row=1043 candidates=2349 k=512 needle_pos=3871 | r4:col=967 score=-0.9485 rank=1890/2349 pct=80.5% selected=False  r128:col=30 score=-1.2236 rank=2100/2349 pct=89.4% selected=False
(Worker_TP1 pid=650) INFO 08-01 19:13:30 [sparse_attn_indexer.py:106] DSv4 indexer rank trace [34/128]: row=1043 candidates=2349 k=512 needle_pos=3871 | r4:col=967 score=-0.9485 rank=1890/2349 pct=80.5% selected=False  r128:col=30 score=-1.2236 rank=2100/2349 pct=89.4% selected=False
(Worker_TP1 pid=650) INFO 08-01 19:13:31 [sparse_attn_indexer.py:106] DSv4 indexer rank trace [35/128]: row=1043 candidates=2349 k=512 needle_pos=3871 | r4:col=967 score=-0.9078 rank=596/2349 pct=25.4% selected=False  r128:col=30 score=-1.3527 rank=1394/2349 pct=59.3% selected=False
(Worker_TP0 pid=649) INFO 08-01 19:13:31 [sparse_attn_indexer.py:106] DSv4 indexer rank trace [35/128]: row=1043 candidates=2349 k=512 needle_pos=3871 | r4:col=967 score=-0.9078 rank=596/2349 pct=25.4% selected=False  r128:col=30 score=-1.3527 rank=1394/2349 pct=59.3% selected=False
(Worker_TP0 pid=649) INFO 08-01 19:13:31 [sparse_attn_indexer.py:106] DSv4 indexer rank trace [36/128]: row=1043 candidates=2349 k=512 needle_pos=3871 | r4:col=967 score=-0.9009 rank=1652/2349 pct=70.3% selected=False  r128:col=30 score=-0.3154 rank=1051/2349 pct=44.7% selected=False
(Worker_TP1 pid=650) INFO 08-01 19:13:31 [sparse_attn_indexer.py:106] DSv4 indexer rank trace [36/128]: row=1043 candidates=2349 k=512 needle_pos=3871 | r4:col=967 score=-0.9009 rank=1652/2349 pct=70.3% selected=False  r128:col=30 score=-0.3154 rank=1051/2349 pct=44.7% selected=False
(Worker_TP1 pid=650) INFO 08-01 19:13:32 [sparse_attn_indexer.py:106] DSv4 indexer rank trace [37/128]: row=1043 candidates=2349 k=512 needle_pos=3871 | r4:col=967 score=-0.1730 rank=1325/2349 pct=56.4% selected=False  r128:col=30 score=-0.7007 rank=1918/2349 pct=81.7% selected=False
(Worker_TP0 pid=649) INFO 08-01 19:13:32 [sparse_attn_indexer.py:106] DSv4 indexer rank trace [37/128]: row=1043 candidates=2349 k=512 needle_pos=3871 | r4:col=967 score=-0.1730 rank=1325/2349 pct=56.4% selected=False  r128:col=30 score=-0.7007 rank=1918/2349 pct=81.7% selected=False
(Worker_TP0 pid=649) INFO 08-01 19:13:33 [sparse_attn_indexer.py:106] DSv4 indexer rank trace [38/128]: row=1043 candidates=2349 k=512 needle_pos=3871 | r4:col=967 score=0.7538 rank=116/2349 pct=4.9% selected=True  r128:col=30 score=-0.5949 rank=1318/2349 pct=56.1% selected=False
(Worker_TP1 pid=650) INFO 08-01 19:13:33 [sparse_attn_indexer.py:106] DSv4 indexer rank trace [38/128]: row=1043 candidates=2349 k=512 needle_pos=3871 | r4:col=967 score=0.7538 rank=116/2349 pct=4.9% selected=True  r128:col=30 score=-0.5949 rank=1318/2349 pct=56.1% selected=False
(Worker_TP1 pid=650) INFO 08-01 19:13:33 [sparse_attn_indexer.py:106] DSv4 indexer rank trace [39/128]: row=1043 candidates=2349 k=512 needle_pos=3871 | r4:col=967 score=-0.9166 rank=273/2349 pct=11.6% selected=True  r128:col=30 score=-1.7827 rank=1748/2349 pct=74.4% selected=False
(Worker_TP0 pid=649) INFO 08-01 19:13:33 [sparse_attn_indexer.py:106] DSv4 indexer rank trace [39/128]: row=1043 candidates=2349 k=512 needle_pos=3871 | r4:col=967 score=-0.9166 rank=273/2349 pct=11.6% selected=True  r128:col=30 score=-1.7827 rank=1748/2349 pct=74.4% selected=False
(Worker_TP1 pid=650) INFO 08-01 19:13:33 [sparse_attn_indexer.py:106] DSv4 indexer rank trace [40/128]: row=1043 candidates=2349 k=512 needle_pos=3871 | r4:col=967 score=0.0823 rank=651/2349 pct=27.7% selected=False  r128:col=30 score=-0.0091 rank=742/2349 pct=31.6% selected=False
(Worker_TP0 pid=649) INFO 08-01 19:13:33 [sparse_attn_indexer.py:106] DSv4 indexer rank trace [40/128]: row=1043 candidates=2349 k=512 needle_pos=3871 | r4:col=967 score=0.0823 rank=651/2349 pct=27.7% selected=False  r128:col=30 score=-0.0091 rank=742/2349 pct=31.6% selected=False
(Worker_TP0 pid=649) INFO 08-01 19:13:34 [sparse_attn_indexer.py:106] DSv4 indexer rank trace [41/128]: row=1043 candidates=2349 k=512 needle_pos=3871 | r4:col=967 score=-0.3705 rank=1012/2349 pct=43.1% selected=False  r128:col=30 score=0.5277 rank=278/2349 pct=11.8% selected=True
(Worker_TP1 pid=650) INFO 08-01 19:13:34 [sparse_attn_indexer.py:106] DSv4 indexer rank trace [41/128]: row=1043 candidates=2349 k=512 needle_pos=3871 | r4:col=967 score=-0.3705 rank=1012/2349 pct=43.1% selected=False  r128:col=30 score=0.5277 rank=278/2349 pct=11.8% selected=True
(Worker_TP0 pid=649) INFO 08-01 19:13:34 [sparse_attn_indexer.py:106] DSv4 indexer rank trace [42/128]: row=1043 candidates=2349 k=512 needle_pos=3871 | r4:col=967 score=-0.2821 rank=86/2349 pct=3.7% selected=True  r128:col=30 score=-0.8048 rank=520/2349 pct=22.1% selected=False
(Worker_TP1 pid=650) INFO 08-01 19:13:34 [sparse_attn_indexer.py:106] DSv4 indexer rank trace [42/128]: row=1043 candidates=2349 k=512 needle_pos=3871 | r4:col=967 score=-0.2821 rank=86/2349 pct=3.7% selected=True  r128:col=30 score=-0.8048 rank=520/2349 pct=22.1% selected=False
(Worker_TP1 pid=650) INFO 08-01 19:13:41 [sparse_attn_indexer.py:106] DSv4 indexer rank trace [43/128]: row=289 candidates=2421 k=512 needle_pos=3871 | r4:col=967 score=0.5911 rank=363/2421 pct=15.0% selected=True  r128:col=30 score=0.1298 rank=769/2421 pct=31.8% selected=False
(Worker_TP0 pid=649) INFO 08-01 19:13:41 [sparse_attn_indexer.py:106] DSv4 indexer rank trace [43/128]: row=289 candidates=2421 k=512 needle_pos=3871 | r4:col=967 score=0.5911 rank=363/2421 pct=15.0% selected=True  r128:col=30 score=0.1298 rank=769/2421 pct=31.8% selected=False
(Worker_TP1 pid=650) INFO 08-01 19:13:41 [sparse_attn_indexer.py:106] DSv4 indexer rank trace [44/128]: row=289 candidates=2421 k=512 needle_pos=3871 | r4:col=967 score=-1.7102 rank=917/2421 pct=37.9% selected=False  r128:col=30 score=-1.7531 rank=988/2421 pct=40.8% selected=False
(Worker_TP0 pid=649) INFO 08-01 19:13:41 [sparse_attn_indexer.py:106] DSv4 indexer rank trace [44/128]: row=289 candidates=2421 k=512 needle_pos=3871 | r4:col=967 score=-1.7102 rank=917/2421 pct=37.9% selected=False  r128:col=30 score=-1.7531 rank=988/2421 pct=40.8% selected=False
(Worker_TP1 pid=650) INFO 08-01 19:13:41 [sparse_attn_indexer.py:106] DSv4 indexer rank trace [45/128]: row=289 candidates=2421 k=512 needle_pos=3871 | r4:col=967 score=0.0965 rank=26/2421 pct=1.1% selected=True  r128:col=30 score=-1.3130 rank=644/2421 pct=26.6% selected=False
(Worker_TP0 pid=649) INFO 08-01 19:13:41 [sparse_attn_indexer.py:106] DSv4 indexer rank trace [45/128]: row=289 candidates=2421 k=512 needle_pos=3871 | r4:col=967 score=0.0965 rank=26/2421 pct=1.1% selected=True  r128:col=30 score=-1.3130 rank=644/2421 pct=26.6% selected=False
(Worker_TP0 pid=649) INFO 08-01 19:13:42 [sparse_attn_indexer.py:106] DSv4 indexer rank trace [46/128]: row=289 candidates=2421 k=512 needle_pos=3871 | r4:col=967 score=0.5150 rank=27/2421 pct=1.1% selected=True  r128:col=30 score=-0.4480 rank=166/2421 pct=6.9% selected=True
(Worker_TP1 pid=650) INFO 08-01 19:13:42 [sparse_attn_indexer.py:106] DSv4 indexer rank trace [46/128]: row=289 candidates=2421 k=512 needle_pos=3871 | r4:col=967 score=0.5150 rank=27/2421 pct=1.1% selected=True  r128:col=30 score=-0.4480 rank=166/2421 pct=6.9% selected=True
(Worker_TP1 pid=650) INFO 08-01 19:13:42 [sparse_attn_indexer.py:106] DSv4 indexer rank trace [47/128]: row=289 candidates=2421 k=512 needle_pos=3871 | r4:col=967 score=0.9699 rank=17/2421 pct=0.7% selected=True  r128:col=30 score=-1.4147 rank=1150/2421 pct=47.5% selected=False
(Worker_TP0 pid=649) INFO 08-01 19:13:42 [sparse_attn_indexer.py:106] DSv4 indexer rank trace [47/128]: row=289 candidates=2421 k=512 needle_pos=3871 | r4:col=967 score=0.9699 rank=17/2421 pct=0.7% selected=True  r128:col=30 score=-1.4147 rank=1150/2421 pct=47.5% selected=False
(Worker_TP1 pid=650) INFO 08-01 19:13:42 [sparse_attn_indexer.py:106] DSv4 indexer rank trace [48/128]: row=289 candidates=2421 k=512 needle_pos=3871 | r4:col=967 score=0.5761 rank=58/2421 pct=2.4% selected=True  r128:col=30 score=-0.7881 rank=549/2421 pct=22.7% selected=False
(Worker_TP0 pid=649) INFO 08-01 19:13:42 [sparse_attn_indexer.py:106] DSv4 indexer rank trace [48/128]: row=289 candidates=2421 k=512 needle_pos=3871 | r4:col=967 score=0.5761 rank=58/2421 pct=2.4% selected=True  r128:col=30 score=-0.7881 rank=549/2421 pct=22.7% selected=False
(Worker_TP0 pid=649) INFO 08-01 19:13:42 [sparse_attn_indexer.py:106] DSv4 indexer rank trace [49/128]: row=289 candidates=2421 k=512 needle_pos=3871 | r4:col=967 score=1.1925 rank=38/2421 pct=1.6% selected=True  r128:col=30 score=-1.2092 rank=718/2421 pct=29.7% selected=False
(Worker_TP1 pid=650) INFO 08-01 19:13:42 [sparse_attn_indexer.py:106] DSv4 indexer rank trace [49/128]: row=289 candidates=2421 k=512 needle_pos=3871 | r4:col=967 score=1.1925 rank=38/2421 pct=1.6% selected=True  r128:col=30 score=-1.2092 rank=718/2421 pct=29.7% selected=False
(Worker_TP1 pid=650) INFO 08-01 19:13:43 [sparse_attn_indexer.py:106] DSv4 indexer rank trace [50/128]: row=289 candidates=2421 k=512 needle_pos=3871 | r4:col=967 score=2.0578 rank=33/2421 pct=1.4% selected=True  r128:col=30 score=-1.4524 rank=737/2421 pct=30.4% selected=False
(Worker_TP0 pid=649) INFO 08-01 19:13:43 [sparse_attn_indexer.py:106] DSv4 indexer rank trace [50/128]: row=289 candidates=2421 k=512 needle_pos=3871 | r4:col=967 score=2.0578 rank=33/2421 pct=1.4% selected=True  r128:col=30 score=-1.4524 rank=737/2421 pct=30.4% selected=False
(Worker_TP1 pid=650) INFO 08-01 19:13:43 [sparse_attn_indexer.py:106] DSv4 indexer rank trace [51/128]: row=289 candidates=2421 k=512 needle_pos=3871 | r4:col=967 score=1.3429 rank=20/2421 pct=0.8% selected=True  r128:col=30 score=-1.2753 rank=429/2421 pct=17.7% selected=True
(Worker_TP0 pid=649) INFO 08-01 19:13:43 [sparse_attn_indexer.py:106] DSv4 indexer rank trace [51/128]: row=289 candidates=2421 k=512 needle_pos=3871 | r4:col=967 score=1.3429 rank=20/2421 pct=0.8% selected=True  r128:col=30 score=-1.2753 rank=429/2421 pct=17.7% selected=True
(Worker_TP1 pid=650) INFO 08-01 19:13:44 [sparse_attn_indexer.py:106] DSv4 indexer rank trace [52/128]: row=289 candidates=2421 k=512 needle_pos=3871 | r4:col=967 score=1.9648 rank=16/2421 pct=0.7% selected=True  r128:col=30 score=-1.8605 rank=1008/2421 pct=41.6% selected=False
(Worker_TP0 pid=649) INFO 08-01 19:13:44 [sparse_attn_indexer.py:106] DSv4 indexer rank trace [52/128]: row=289 candidates=2421 k=512 needle_pos=3871 | r4:col=967 score=1.9648 rank=16/2421 pct=0.7% selected=True  r128:col=30 score=-1.8605 rank=1008/2421 pct=41.6% selected=False
(Worker_TP1 pid=650) INFO 08-01 19:13:45 [sparse_attn_indexer.py:106] DSv4 indexer rank trace [53/128]: row=289 candidates=2421 k=512 needle_pos=3871 | r4:col=967 score=6.3819 rank=2/2421 pct=0.1% selected=True  r128:col=30 score=-0.0302 rank=296/2421 pct=12.2% selected=True
(Worker_TP0 pid=649) INFO 08-01 19:13:45 [sparse_attn_indexer.py:106] DSv4 indexer rank trace [53/128]: row=289 candidates=2421 k=512 needle_pos=3871 | r4:col=967 score=6.3819 rank=2/2421 pct=0.1% selected=True  r128:col=30 score=-0.0302 rank=296/2421 pct=12.2% selected=True
(Worker_TP1 pid=650) INFO 08-01 19:13:45 [sparse_attn_indexer.py:106] DSv4 indexer rank trace [54/128]: row=289 candidates=2421 k=512 needle_pos=3871 | r4:col=967 score=5.3304 rank=5/2421 pct=0.2% selected=True  r128:col=30 score=-0.8729 rank=697/2421 pct=28.8% selected=False
(Worker_TP0 pid=649) INFO 08-01 19:13:45 [sparse_attn_indexer.py:106] DSv4 indexer rank trace [54/128]: row=289 candidates=2421 k=512 needle_pos=3871 | r4:col=967 score=5.3304 rank=5/2421 pct=0.2% selected=True  r128:col=30 score=-0.8729 rank=697/2421 pct=28.8% selected=False
(Worker_TP1 pid=650) INFO 08-01 19:13:45 [sparse_attn_indexer.py:106] DSv4 indexer rank trace [55/128]: row=289 candidates=2421 k=512 needle_pos=3871 | r4:col=967 score=3.7307 rank=5/2421 pct=0.2% selected=True  r128:col=30 score=-1.4625 rank=619/2421 pct=25.6% selected=False
(Worker_TP0 pid=649) INFO 08-01 19:13:45 [sparse_attn_indexer.py:106] DSv4 indexer rank trace [55/128]: row=289 candidates=2421 k=512 needle_pos=3871 | r4:col=967 score=3.7307 rank=5/2421 pct=0.2% selected=True  r128:col=30 score=-1.4625 rank=619/2421 pct=25.6% selected=False
(Worker_TP0 pid=649) INFO 08-01 19:13:46 [sparse_attn_indexer.py:106] DSv4 indexer rank trace [56/128]: row=289 candidates=2421 k=512 needle_pos=3871 | r4:col=967 score=0.3591 rank=21/2421 pct=0.9% selected=True  r128:col=30 score=-2.1625 rank=684/2421 pct=28.3% selected=False
(Worker_TP1 pid=650) INFO 08-01 19:13:46 [sparse_attn_indexer.py:106] DSv4 indexer rank trace [56/128]: row=289 candidates=2421 k=512 needle_pos=3871 | r4:col=967 score=0.3591 rank=21/2421 pct=0.9% selected=True  r128:col=30 score=-2.1625 rank=684/2421 pct=28.3% selected=False
(Worker_TP1 pid=650) INFO 08-01 19:13:46 [sparse_attn_indexer.py:106] DSv4 indexer rank trace [57/128]: row=289 candidates=2421 k=512 needle_pos=3871 | r4:col=967 score=3.1700 rank=9/2421 pct=0.4% selected=True  r128:col=30 score=-1.0510 rank=445/2421 pct=18.4% selected=True
(Worker_TP0 pid=649) INFO 08-01 19:13:46 [sparse_attn_indexer.py:106] DSv4 indexer rank trace [57/128]: row=289 candidates=2421 k=512 needle_pos=3871 | r4:col=967 score=3.1700 rank=9/2421 pct=0.4% selected=True  r128:col=30 score=-1.0510 rank=445/2421 pct=18.4% selected=True
(Worker_TP0 pid=649) INFO 08-01 19:13:47 [sparse_attn_indexer.py:106] DSv4 indexer rank trace [58/128]: row=289 candidates=2421 k=512 needle_pos=3871 | r4:col=967 score=3.9489 rank=5/2421 pct=0.2% selected=True  r128:col=30 score=-1.7814 rank=1050/2421 pct=43.4% selected=False
(Worker_TP1 pid=650) INFO 08-01 19:13:47 [sparse_attn_indexer.py:106] DSv4 indexer rank trace [58/128]: row=289 candidates=2421 k=512 needle_pos=3871 | r4:col=967 score=3.9489 rank=5/2421 pct=0.2% selected=True  r128:col=30 score=-1.7814 rank=1050/2421 pct=43.4% selected=False
(Worker_TP1 pid=650) INFO 08-01 19:13:48 [sparse_attn_indexer.py:106] DSv4 indexer rank trace [59/128]: row=289 candidates=2421 k=512 needle_pos=3871 | r4:col=967 score=3.0466 rank=14/2421 pct=0.6% selected=True  r128:col=30 score=-2.1148 rank=1757/2421 pct=72.6% selected=False
(Worker_TP0 pid=649) INFO 08-01 19:13:48 [sparse_attn_indexer.py:106] DSv4 indexer rank trace [59/128]: row=289 candidates=2421 k=512 needle_pos=3871 | r4:col=967 score=3.0466 rank=14/2421 pct=0.6% selected=True  r128:col=30 score=-2.1148 rank=1757/2421 pct=72.6% selected=False
(Worker_TP1 pid=650) INFO 08-01 19:13:48 [sparse_attn_indexer.py:106] DSv4 indexer rank trace [60/128]: row=289 candidates=2421 k=512 needle_pos=3871 | r4:col=967 score=0.1705 rank=16/2421 pct=0.7% selected=True  r128:col=30 score=-2.2917 rank=453/2421 pct=18.7% selected=True
(Worker_TP0 pid=649) INFO 08-01 19:13:48 [sparse_attn_indexer.py:106] DSv4 indexer rank trace [60/128]: row=289 candidates=2421 k=512 needle_pos=3871 | r4:col=967 score=0.1705 rank=16/2421 pct=0.7% selected=True  r128:col=30 score=-2.2917 rank=453/2421 pct=18.7% selected=True
(Worker_TP0 pid=649) INFO 08-01 19:13:48 [sparse_attn_indexer.py:106] DSv4 indexer rank trace [61/128]: row=289 candidates=2421 k=512 needle_pos=3871 | r4:col=967 score=3.7121 rank=8/2421 pct=0.3% selected=True  r128:col=30 score=-0.7546 rank=318/2421 pct=13.1% selected=True
(Worker_TP1 pid=650) INFO 08-01 19:13:48 [sparse_attn_indexer.py:106] DSv4 indexer rank trace [61/128]: row=289 candidates=2421 k=512 needle_pos=3871 | r4:col=967 score=3.7121 rank=8/2421 pct=0.3% selected=True  r128:col=30 score=-0.7546 rank=318/2421 pct=13.1% selected=True
(Worker_TP1 pid=650) INFO 08-01 19:13:48 [sparse_attn_indexer.py:106] DSv4 indexer rank trace [62/128]: row=289 candidates=2421 k=512 needle_pos=3871 | r4:col=967 score=5.9778 rank=0/2421 pct=0.0% selected=True  r128:col=30 score=-0.0094 rank=199/2421 pct=8.2% selected=True
(Worker_TP0 pid=649) INFO 08-01 19:13:48 [sparse_attn_indexer.py:106] DSv4 indexer rank trace [62/128]: row=289 candidates=2421 k=512 needle_pos=3871 | r4:col=967 score=5.9778 rank=0/2421 pct=0.0% selected=True  r128:col=30 score=-0.0094 rank=199/2421 pct=8.2% selected=True
(Worker_TP1 pid=650) INFO 08-01 19:13:49 [sparse_attn_indexer.py:106] DSv4 indexer rank trace [63/128]: row=289 candidates=2421 k=512 needle_pos=3871 | r4:col=967 score=-0.0723 rank=39/2421 pct=1.6% selected=True  r128:col=30 score=-1.2435 rank=298/2421 pct=12.3% selected=True
(Worker_TP0 pid=649) INFO 08-01 19:13:49 [sparse_attn_indexer.py:106] DSv4 indexer rank trace [63/128]: row=289 candidates=2421 k=512 needle_pos=3871 | r4:col=967 score=-0.0723 rank=39/2421 pct=1.6% selected=True  r128:col=30 score=-1.2435 rank=298/2421 pct=12.3% selected=True
